2026-09-20 11:09:39 Info  Log0: Log thread started using filename auth.log
2026-09-20 11:09:39 Debug Log1: Using file log level Debug
2026-09-20 11:09:39 Debug Log1: Using console log level FATAL
2026-09-20 11:09:39 Info  ConfigInfo0: Config dump:
2026-09-20 11:09:39 Info  ConfigInfo0: N*admin.dump_mode:0
2026-09-20 11:09:39 Info  ConfigInfo0: B*admin.telnet.autostart:true
2026-09-20 11:09:39 Info  ConfigInfo0: N*admin.telnet.idletimeout:0
2026-09-20 11:09:39 Info  ConfigInfo0: S*admin.telnet.ip:127.0.0.1
2026-09-20 11:09:39 Info  ConfigInfo0: N*admin.telnet.port:4501
2026-09-20 11:09:39 Info  ConfigInfo0: B*auth.billing.autostart:true
2026-09-20 11:09:39 Info  ConfigInfo0: N*auth.billing.idletimeout:0
2026-09-20 11:09:39 Info  ConfigInfo0: S*auth.billing.ip:127.0.0.1
2026-09-20 11:09:39 Info  ConfigInfo0: N*auth.billing.port:4503
2026-09-20 11:09:39 Info  ConfigInfo0: B*auth.clients.autostart:true
2026-09-20 11:09:39 Info  ConfigInfo0: S*auth.clients.des_key:MERONG
2026-09-20 11:09:39 Info  ConfigInfo0: N*auth.clients.idletimeout:301
2026-09-20 11:09:39 Info  ConfigInfo0: S auth.clients.ip:0.0.0.0
2026-09-20 11:09:39 Info  ConfigInfo0: N auth.clients.maxpublicserveridx:5
2026-09-20 11:09:39 Info  ConfigInfo0: N auth.clients.port:4615
2026-09-20 11:09:39 Info  ConfigInfo0: B*auth.clients.restrictchars:true
2026-09-20 11:09:39 Info  ConfigInfo0: S auth.db.account:<hidden>
2026-09-20 11:09:39 Info  ConfigInfo0: S*auth.db.connectionstring:<hidden>
2026-09-20 11:09:39 Info  ConfigInfo0: S*auth.db.cryptedconnectionstring:<hidden>
2026-09-20 11:09:39 Info  ConfigInfo0: S auth.db.cryptedpassword:<hidden>
2026-09-20 11:09:39 Info  ConfigInfo0: S*auth.db.driver:SQL Server
2026-09-20 11:09:39 Info  ConfigInfo0: B*auth.db.ignoreinitcheck:true
2026-09-20 11:09:39 Info  ConfigInfo0: S auth.db.name:AuthKitekat
2026-09-20 11:09:39 Info  ConfigInfo0: S*auth.db.password:<hidden>
2026-09-20 11:09:39 Info  ConfigInfo0: N auth.db.port:1433
2026-09-20 11:09:39 Info  ConfigInfo0: S auth.db.salt:kitekatsalt
2026-09-20 11:09:39 Info  ConfigInfo0: S auth.db.server:127.0.0.1
2026-09-20 11:09:39 Info  ConfigInfo0: B*auth.gameserver.autostart:true
2026-09-20 11:09:39 Info  ConfigInfo0: N*auth.gameserver.idletimeout:0
2026-09-20 11:09:39 Info  ConfigInfo0: S auth.gameserver.ip:127.0.0.1
2026-09-20 11:09:39 Info  ConfigInfo0: N*auth.gameserver.maxplayers:400
2026-09-20 11:09:39 Info  ConfigInfo0: N auth.gameserver.port:4502
2026-09-20 11:09:39 Info  ConfigInfo0: B*auth.gameserver.strictkick:true
2026-09-20 11:09:39 Info  ConfigInfo0: S*auth.securityno.salt:kitekatsalt
2026-09-20 11:09:39 Info  ConfigInfo0: S*ban.ipfile:D:\Utilisateurs\Sn00py\Bureau\KitekatRepack\Auth_bin/bannedip.txt
2026-09-20 11:09:39 Info  ConfigInfo0: S*configfile:D:\Utilisateurs\Sn00py\Bureau\KitekatRepack\Auth_bin/auth.opt
2026-09-20 11:09:39 Info  ConfigInfo0: S*core.appname:rzauth
2026-09-20 11:09:39 Info  ConfigInfo0: S core.log.consolelevel:info
2026-09-20 11:09:39 Info  ConfigInfo0: S*core.log.dir:D:\Utilisateurs\Sn00py\Bureau\KitekatRepack\Auth_bin/log
2026-09-20 11:09:39 Info  ConfigInfo0: B*core.log.enable:true
2026-09-20 11:09:39 Info  ConfigInfo0: S*core.log.file:auth.log
2026-09-20 11:09:39 Info  ConfigInfo0: S core.log.level:debug
2026-09-20 11:09:39 Info  ConfigInfo0: N*core.log.maxqueuesize:10000
2026-09-20 11:09:39 Info  ConfigInfo0: B*core.usetcpnodelay:false
2026-09-20 11:09:39 Info  ConfigInfo0: S*core.version:Git rev 405bfa0d5a643590e0ca61550c5acabbe29013e0-dirty build on 2015-08-19T13:05:34Z
2026-09-20 11:09:39 Info  ConfigInfo0: S*global.version:Git rev e72cbdb71207379379fb36444327466602390933-dirty build on 2015-08-19T13:06:12Z
2026-09-20 11:09:39 Info  ConfigInfo0: B*logclient.enable:true
2026-09-20 11:09:39 Info  ConfigInfo0: S*logclient.ip:127.0.0.1
2026-09-20 11:09:39 Info  ConfigInfo0: N*logclient.port:4516
2026-09-20 11:09:39 Info  ConfigInfo0: S*sql.db_account.column.accountid:account_id
2026-09-20 11:09:39 Info  ConfigInfo0: S*sql.db_account.column.age:age
2026-09-20 11:09:39 Info  ConfigInfo0: S*sql.db_account.column.authok:auth_ok
2026-09-20 11:09:39 Info  ConfigInfo0: S*sql.db_account.column.block:block
2026-09-20 11:09:39 Info  ConfigInfo0: S*sql.db_account.column.eventcode:event_code
2026-09-20 11:09:39 Info  ConfigInfo0: S*sql.db_account.column.lastserveridx:last_login_server_idx
2026-09-20 11:09:39 Info  ConfigInfo0: S*sql.db_account.column.password:password
2026-09-20 11:09:39 Info  ConfigInfo0: S*sql.db_account.column.pcbang:pcbang
2026-09-20 11:09:39 Info  ConfigInfo0: S*sql.db_account.column.serveridxoffset:server_idx_offset
2026-09-20 11:09:39 Info  ConfigInfo0: B*sql.db_account.enable:true
2026-09-20 11:09:39 Info  ConfigInfo0: N*sql.db_account.param.account:1
2026-09-20 11:09:39 Info  ConfigInfo0: N*sql.db_account.param.ip:-1
2026-09-20 11:09:39 Info  ConfigInfo0: N*sql.db_account.param.password:2
2026-09-20 11:09:39 Info  ConfigInfo0: S sql.db_account.query:SELECT * FROM Account WITH(NOLOCK) WHERE account = ? AND password = ?;
2026-09-20 11:09:39 Info  ConfigInfo0: B*sql.db_securitynocheck.enable:true
2026-09-20 11:09:39 Info  ConfigInfo0: N*sql.db_securitynocheck.param.account:1
2026-09-20 11:09:39 Info  ConfigInfo0: N*sql.db_securitynocheck.param.securityno:2
2026-09-20 11:09:39 Info  ConfigInfo0: S*sql.db_securitynocheck.query:SELECT account FROM account WHERE account = ? AND password = ?
2026-09-20 11:09:39 Info  ConfigInfo0: B*sql.db_updatelastserveridx.enable:true
2026-09-20 11:09:39 Info  ConfigInfo0: N*sql.db_updatelastserveridx.param.accountid:2
2026-09-20 11:09:39 Info  ConfigInfo0: N*sql.db_updatelastserveridx.param.serveridx:1
2026-09-20 11:09:39 Info  ConfigInfo0: S*sql.db_updatelastserveridx.query:UPDATE account SET last_login_server_idx = ? WHERE account_id = ?;
2026-09-20 11:09:39 Info  ConfigInfo0: N stats.connections:0
2026-09-20 11:09:39 Info  ConfigInfo0: N stats.disconnections:0
2026-09-20 11:09:39 Info  ConfigInfo0: S*trafficdump.consolelevel:fatal
2026-09-20 11:09:39 Info  ConfigInfo0: S*trafficdump.dir:D:\Utilisateurs\Sn00py\Bureau\KitekatRepack\Auth_bin/traffic_log
2026-09-20 11:09:39 Info  ConfigInfo0: B*trafficdump.enable:false
2026-09-20 11:09:39 Info  ConfigInfo0: S*trafficdump.file:auth.log
2026-09-20 11:09:39 Info  ConfigInfo0: S*trafficdump.level:debug
2026-09-20 11:09:39 Info  ConfigInfo0: B*upload.clients.autostart:true
2026-09-20 11:09:39 Info  ConfigInfo0: N*upload.clients.idletimeout:61
2026-09-20 11:09:39 Info  ConfigInfo0: S upload.clients.ip:0.0.0.0
2026-09-20 11:09:39 Info  ConfigInfo0: N upload.clients.port:4617
2026-09-20 11:09:39 Info  ConfigInfo0: S upload.dir:C:\inetpub\wwwroot\gicon
2026-09-20 11:09:39 Info  ConfigInfo0: B*upload.gameserver.autostart:true
2026-09-20 11:09:39 Info  ConfigInfo0: N*upload.gameserver.idletimeout:0
2026-09-20 11:09:39 Info  ConfigInfo0: S upload.gameserver.ip:127.0.0.1
2026-09-20 11:09:39 Info  ConfigInfo0: N upload.gameserver.port:4616
2026-09-20 11:09:39 Info  ConfigInfo0: B*upload.iconserver.autostart:true
2026-09-20 11:09:39 Info  ConfigInfo0: N*upload.iconserver.idletimeout:31
2026-09-20 11:09:39 Info  ConfigInfo0: S upload.iconserver.ip:0.0.0.0
2026-09-20 11:09:39 Info  ConfigInfo0: N upload.iconserver.port:5000
2026-09-20 11:09:39 Info  DbConnectionPool0: Checking connection to database
2026-09-20 11:09:39 Debug DbConnectionPool0: Connecting to database
2026-09-20 11:09:57 ERROR ODBC: SQLDriverConnect: error:
2026-09-20 11:09:57 ERROR ODBC: 08001:1:17:[Microsoft][ODBC SQL Server Driver][DBNETLIB]SQL Server n'existe pas ou son accès est refusé.
2026-09-20 11:09:57 ERROR ODBC: 01000:2:53:[Microsoft][ODBC SQL Server Driver][DBNETLIB]ConnectionOpen (Connect()).
2026-09-20 11:09:57 ERROR DbConnectionPool0: Failed to connect to driver=SQL Server;Server=127.0.0.1,1433;Database=AuthKitekat;UID=kitekat_user;PWD=KitekatLocal2026!;
2026-09-20 11:09:57 ERROR DbConnectionPool0: Could not retrieve a DB connection from pool to "driver=SQL Server;Server=127.0.0.1,1433;Database=AuthKitekat;UID=kitekat_user;PWD=KitekatLocal2026!;"
2026-09-20 11:09:57 Info  SessionServer<AuthServer::ClientSession>: Starting server auth.clients on 0.0.0.0:4615
2026-09-20 11:09:57 Debug BanManager0: No ban ip file: "D:\Utilisateurs\Sn00py\Bureau\KitekatRepack\Auth_bin/bannedip.txt"
2026-09-20 11:09:57 Info  SessionServer<AuthServer::BillingInterface>: Starting server auth.billing on 127.0.0.1:4503
2026-09-20 11:09:57 Info  SessionServer<AuthServer::GameServerSession>: Starting server auth.gameserver on 127.0.0.1:4502
2026-09-20 11:09:57 Info  SessionServer<UploadServer::GameServerSession>: Starting server upload.gameserver on 127.0.0.1:4616
2026-09-20 11:09:57 Info  SessionServer<UploadServer::ClientSession>: Starting server upload.clients on 0.0.0.0:4617
2026-09-20 11:09:57 Debug BanManager0: No ban ip file: "D:\Utilisateurs\Sn00py\Bureau\KitekatRepack\Auth_bin/bannedip.txt"
2026-09-20 11:09:57 Info  SessionServer<UploadServer::IconServerSession>: Starting server upload.iconserver on 0.0.0.0:5000
2026-09-20 11:09:57 Debug BanManager0: No ban ip file: "D:\Utilisateurs\Sn00py\Bureau\KitekatRepack\Auth_bin/bannedip.txt"
2026-09-20 11:09:57 Info  SessionServer<AdminServer::AdminInterface>: Starting server admin.telnet on 127.0.0.1:4501
2026-09-20 11:09:59 ERROR Socket[:0 <> 127.0.0.1:4516]: onConnected: connection refused
2026-09-20 11:09:59 Info  SocketSession0: Disconnected from Log server 127.0.0.1:4516
2026-09-20 11:24:26 Info  SessionServer<AuthServer::ClientSession>: Stopping server auth.clients
2026-09-20 11:24:26 Info  SessionServer<AuthServer::BillingInterface>: Stopping server auth.billing
2026-09-20 11:24:26 Info  SessionServer<AuthServer::GameServerSession>: Stopping server auth.gameserver
2026-09-20 11:24:26 Info  SessionServer<UploadServer::GameServerSession>: Stopping server upload.gameserver
2026-09-20 11:24:26 Info  SessionServer<UploadServer::ClientSession>: Stopping server upload.clients
2026-09-20 11:24:26 Info  SessionServer<UploadServer::IconServerSession>: Stopping server upload.iconserver
2026-09-20 11:24:26 Info  SessionServer<AdminServer::AdminInterface>: Stopping server admin.telnet
2026-09-20 11:24:26 Info  Log0: Log thread stopped
2026-09-20 11:25:05 Info  Log0: Log thread started using filename auth.log
2026-09-20 11:25:05 Debug Log1: Using file log level Debug
2026-09-20 11:25:05 Debug Log1: Using console log level FATAL
2026-09-20 11:25:05 Info  ConfigInfo0: Config dump:
2026-09-20 11:25:05 Info  ConfigInfo0: N*admin.dump_mode:0
2026-09-20 11:25:05 Info  ConfigInfo0: B*admin.telnet.autostart:true
2026-09-20 11:25:05 Info  ConfigInfo0: N*admin.telnet.idletimeout:0
2026-09-20 11:25:05 Info  ConfigInfo0: S*admin.telnet.ip:127.0.0.1
2026-09-20 11:25:05 Info  ConfigInfo0: N*admin.telnet.port:4501
2026-09-20 11:25:05 Info  ConfigInfo0: B*auth.billing.autostart:true
2026-09-20 11:25:05 Info  ConfigInfo0: N*auth.billing.idletimeout:0
2026-09-20 11:25:05 Info  ConfigInfo0: S*auth.billing.ip:127.0.0.1
2026-09-20 11:25:05 Info  ConfigInfo0: N*auth.billing.port:4503
2026-09-20 11:25:05 Info  ConfigInfo0: B*auth.clients.autostart:true
2026-09-20 11:25:05 Info  ConfigInfo0: S*auth.clients.des_key:MERONG
2026-09-20 11:25:05 Info  ConfigInfo0: N*auth.clients.idletimeout:301
2026-09-20 11:25:05 Info  ConfigInfo0: S auth.clients.ip:0.0.0.0
2026-09-20 11:25:05 Info  ConfigInfo0: N auth.clients.maxpublicserveridx:5
2026-09-20 11:25:05 Info  ConfigInfo0: N auth.clients.port:4615
2026-09-20 11:25:05 Info  ConfigInfo0: B*auth.clients.restrictchars:true
2026-09-20 11:25:05 Info  ConfigInfo0: S auth.db.account:<hidden>
2026-09-20 11:25:05 Info  ConfigInfo0: S*auth.db.connectionstring:<hidden>
2026-09-20 11:25:05 Info  ConfigInfo0: S*auth.db.cryptedconnectionstring:<hidden>
2026-09-20 11:25:05 Info  ConfigInfo0: S auth.db.cryptedpassword:<hidden>
2026-09-20 11:25:05 Info  ConfigInfo0: S*auth.db.driver:SQL Server
2026-09-20 11:25:05 Info  ConfigInfo0: B*auth.db.ignoreinitcheck:true
2026-09-20 11:25:05 Info  ConfigInfo0: S auth.db.name:AuthKitekat
2026-09-20 11:25:05 Info  ConfigInfo0: S*auth.db.password:<hidden>
2026-09-20 11:25:05 Info  ConfigInfo0: N auth.db.port:1433
2026-09-20 11:25:05 Info  ConfigInfo0: S auth.db.salt:kitekatsalt
2026-09-20 11:25:05 Info  ConfigInfo0: S auth.db.server:127.0.0.1
2026-09-20 11:25:05 Info  ConfigInfo0: B*auth.gameserver.autostart:true
2026-09-20 11:25:05 Info  ConfigInfo0: N*auth.gameserver.idletimeout:0
2026-09-20 11:25:05 Info  ConfigInfo0: S auth.gameserver.ip:127.0.0.1
2026-09-20 11:25:05 Info  ConfigInfo0: N*auth.gameserver.maxplayers:400
2026-09-20 11:25:05 Info  ConfigInfo0: N auth.gameserver.port:4502
2026-09-20 11:25:05 Info  ConfigInfo0: B*auth.gameserver.strictkick:true
2026-09-20 11:25:05 Info  ConfigInfo0: S*auth.securityno.salt:kitekatsalt
2026-09-20 11:25:05 Info  ConfigInfo0: S*ban.ipfile:D:\Utilisateurs\Sn00py\Bureau\KitekatRepack\Auth_bin/bannedip.txt
2026-09-20 11:25:05 Info  ConfigInfo0: S*configfile:D:\Utilisateurs\Sn00py\Bureau\KitekatRepack\Auth_bin/auth.opt
2026-09-20 11:25:05 Info  ConfigInfo0: S*core.appname:rzauth
2026-09-20 11:25:05 Info  ConfigInfo0: S core.log.consolelevel:info
2026-09-20 11:25:05 Info  ConfigInfo0: S*core.log.dir:D:\Utilisateurs\Sn00py\Bureau\KitekatRepack\Auth_bin/log
2026-09-20 11:25:05 Info  ConfigInfo0: B*core.log.enable:true
2026-09-20 11:25:05 Info  ConfigInfo0: S*core.log.file:auth.log
2026-09-20 11:25:05 Info  ConfigInfo0: S core.log.level:debug
2026-09-20 11:25:05 Info  ConfigInfo0: N*core.log.maxqueuesize:10000
2026-09-20 11:25:05 Info  ConfigInfo0: B*core.usetcpnodelay:false
2026-09-20 11:25:05 Info  ConfigInfo0: S*core.version:Git rev 405bfa0d5a643590e0ca61550c5acabbe29013e0-dirty build on 2015-08-19T13:05:34Z
2026-09-20 11:25:05 Info  ConfigInfo0: S*global.version:Git rev e72cbdb71207379379fb36444327466602390933-dirty build on 2015-08-19T13:06:12Z
2026-09-20 11:25:05 Info  ConfigInfo0: B*logclient.enable:true
2026-09-20 11:25:05 Info  ConfigInfo0: S*logclient.ip:127.0.0.1
2026-09-20 11:25:05 Info  ConfigInfo0: N*logclient.port:4516
2026-09-20 11:25:05 Info  ConfigInfo0: S*sql.db_account.column.accountid:account_id
2026-09-20 11:25:05 Info  ConfigInfo0: S*sql.db_account.column.age:age
2026-09-20 11:25:05 Info  ConfigInfo0: S*sql.db_account.column.authok:auth_ok
2026-09-20 11:25:05 Info  ConfigInfo0: S*sql.db_account.column.block:block
2026-09-20 11:25:05 Info  ConfigInfo0: S*sql.db_account.column.eventcode:event_code
2026-09-20 11:25:05 Info  ConfigInfo0: S*sql.db_account.column.lastserveridx:last_login_server_idx
2026-09-20 11:25:05 Info  ConfigInfo0: S*sql.db_account.column.password:password
2026-09-20 11:25:05 Info  ConfigInfo0: S*sql.db_account.column.pcbang:pcbang
2026-09-20 11:25:05 Info  ConfigInfo0: S*sql.db_account.column.serveridxoffset:server_idx_offset
2026-09-20 11:25:05 Info  ConfigInfo0: B*sql.db_account.enable:true
2026-09-20 11:25:05 Info  ConfigInfo0: N*sql.db_account.param.account:1
2026-09-20 11:25:05 Info  ConfigInfo0: N*sql.db_account.param.ip:-1
2026-09-20 11:25:05 Info  ConfigInfo0: N*sql.db_account.param.password:2
2026-09-20 11:25:05 Info  ConfigInfo0: S sql.db_account.query:SELECT * FROM Account WITH(NOLOCK) WHERE account = ? AND password = ?;
2026-09-20 11:25:05 Info  ConfigInfo0: B*sql.db_securitynocheck.enable:true
2026-09-20 11:25:05 Info  ConfigInfo0: N*sql.db_securitynocheck.param.account:1
2026-09-20 11:25:05 Info  ConfigInfo0: N*sql.db_securitynocheck.param.securityno:2
2026-09-20 11:25:05 Info  ConfigInfo0: S*sql.db_securitynocheck.query:SELECT account FROM account WHERE account = ? AND password = ?
2026-09-20 11:25:05 Info  ConfigInfo0: B*sql.db_updatelastserveridx.enable:true
2026-09-20 11:25:05 Info  ConfigInfo0: N*sql.db_updatelastserveridx.param.accountid:2
2026-09-20 11:25:05 Info  ConfigInfo0: N*sql.db_updatelastserveridx.param.serveridx:1
2026-09-20 11:25:05 Info  ConfigInfo0: S*sql.db_updatelastserveridx.query:UPDATE account SET last_login_server_idx = ? WHERE account_id = ?;
2026-09-20 11:25:05 Info  ConfigInfo0: N stats.connections:0
2026-09-20 11:25:05 Info  ConfigInfo0: N stats.disconnections:0
2026-09-20 11:25:05 Info  ConfigInfo0: S*trafficdump.consolelevel:fatal
2026-09-20 11:25:05 Info  ConfigInfo0: S*trafficdump.dir:D:\Utilisateurs\Sn00py\Bureau\KitekatRepack\Auth_bin/traffic_log
2026-09-20 11:25:05 Info  ConfigInfo0: B*trafficdump.enable:false
2026-09-20 11:25:05 Info  ConfigInfo0: S*trafficdump.file:auth.log
2026-09-20 11:25:05 Info  ConfigInfo0: S*trafficdump.level:debug
2026-09-20 11:25:05 Info  ConfigInfo0: B*upload.clients.autostart:true
2026-09-20 11:25:05 Info  ConfigInfo0: N*upload.clients.idletimeout:61
2026-09-20 11:25:05 Info  ConfigInfo0: S upload.clients.ip:0.0.0.0
2026-09-20 11:25:05 Info  ConfigInfo0: N upload.clients.port:4617
2026-09-20 11:25:05 Info  ConfigInfo0: S upload.dir:C:\inetpub\wwwroot\gicon
2026-09-20 11:25:05 Info  ConfigInfo0: B*upload.gameserver.autostart:true
2026-09-20 11:25:05 Info  ConfigInfo0: N*upload.gameserver.idletimeout:0
2026-09-20 11:25:05 Info  ConfigInfo0: S upload.gameserver.ip:127.0.0.1
2026-09-20 11:25:05 Info  ConfigInfo0: N upload.gameserver.port:4616
2026-09-20 11:25:05 Info  ConfigInfo0: B*upload.iconserver.autostart:true
2026-09-20 11:25:05 Info  ConfigInfo0: N*upload.iconserver.idletimeout:31
2026-09-20 11:25:05 Info  ConfigInfo0: S upload.iconserver.ip:0.0.0.0
2026-09-20 11:25:05 Info  ConfigInfo0: N upload.iconserver.port:5000
2026-09-20 11:25:05 Info  DbConnectionPool0: Checking connection to database
2026-09-20 11:25:05 Debug DbConnectionPool0: Connecting to database
2026-09-20 11:25:23 ERROR ODBC: SQLDriverConnect: error:
2026-09-20 11:25:23 ERROR ODBC: 08001:1:17:[Microsoft][ODBC SQL Server Driver][DBNETLIB]SQL Server n'existe pas ou son accès est refusé.
2026-09-20 11:25:23 ERROR ODBC: 01000:2:53:[Microsoft][ODBC SQL Server Driver][DBNETLIB]ConnectionOpen (Connect()).
2026-09-20 11:25:23 ERROR DbConnectionPool0: Failed to connect to driver=SQL Server;Server=127.0.0.1,1433;Database=AuthKitekat;UID=kitekat_user;PWD=KitekatLocal2026!;
2026-09-20 11:25:23 ERROR DbConnectionPool0: Could not retrieve a DB connection from pool to "driver=SQL Server;Server=127.0.0.1,1433;Database=AuthKitekat;UID=kitekat_user;PWD=KitekatLocal2026!;"
2026-09-20 11:25:23 Info  SessionServer<AuthServer::ClientSession>: Starting server auth.clients on 0.0.0.0:4615
2026-09-20 11:25:23 Debug BanManager0: No ban ip file: "D:\Utilisateurs\Sn00py\Bureau\KitekatRepack\Auth_bin/bannedip.txt"
2026-09-20 11:25:23 Info  SessionServer<AuthServer::BillingInterface>: Starting server auth.billing on 127.0.0.1:4503
2026-09-20 11:25:23 Info  SessionServer<AuthServer::GameServerSession>: Starting server auth.gameserver on 127.0.0.1:4502
2026-09-20 11:25:23 Info  SessionServer<UploadServer::GameServerSession>: Starting server upload.gameserver on 127.0.0.1:4616
2026-09-20 11:25:23 Info  SessionServer<UploadServer::ClientSession>: Starting server upload.clients on 0.0.0.0:4617
2026-09-20 11:25:23 Debug BanManager0: No ban ip file: "D:\Utilisateurs\Sn00py\Bureau\KitekatRepack\Auth_bin/bannedip.txt"
2026-09-20 11:25:23 Info  SessionServer<UploadServer::IconServerSession>: Starting server upload.iconserver on 0.0.0.0:5000
2026-09-20 11:25:23 Debug BanManager0: No ban ip file: "D:\Utilisateurs\Sn00py\Bureau\KitekatRepack\Auth_bin/bannedip.txt"
2026-09-20 11:25:23 Info  SessionServer<AdminServer::AdminInterface>: Starting server admin.telnet on 127.0.0.1:4501
2026-09-20 11:25:25 ERROR Socket[:0 <> 127.0.0.1:4516]: onConnected: connection refused
2026-09-20 11:25:25 Info  SocketSession0: Disconnected from Log server 127.0.0.1:4516
2026-09-20 11:27:00 Info  SessionServer<AuthServer::ClientSession>: Stopping server auth.clients
2026-09-20 11:27:00 Info  SessionServer<AuthServer::BillingInterface>: Stopping server auth.billing
2026-09-20 11:27:00 Info  SessionServer<AuthServer::GameServerSession>: Stopping server auth.gameserver
2026-09-20 11:27:00 Info  SessionServer<UploadServer::GameServerSession>: Stopping server upload.gameserver
2026-09-20 11:27:00 Info  SessionServer<UploadServer::ClientSession>: Stopping server upload.clients
2026-09-20 11:27:00 Info  SessionServer<UploadServer::IconServerSession>: Stopping server upload.iconserver
2026-09-20 11:27:00 Info  SessionServer<AdminServer::AdminInterface>: Stopping server admin.telnet
2026-09-20 11:27:00 Info  Log0: Log thread stopped
2026-09-20 11:29:42 Info  Log0: Log thread started using filename auth.log
2026-09-20 11:29:42 Debug Log1: Using file log level Debug
2026-09-20 11:29:42 Debug Log1: Using console log level FATAL
2026-09-20 11:29:42 Info  ConfigInfo0: Config dump:
2026-09-20 11:29:42 Info  ConfigInfo0: N*admin.dump_mode:0
2026-09-20 11:29:42 Info  ConfigInfo0: B*admin.telnet.autostart:true
2026-09-20 11:29:42 Info  ConfigInfo0: N*admin.telnet.idletimeout:0
2026-09-20 11:29:42 Info  ConfigInfo0: S*admin.telnet.ip:127.0.0.1
2026-09-20 11:29:42 Info  ConfigInfo0: N*admin.telnet.port:4501
2026-09-20 11:29:42 Info  ConfigInfo0: B*auth.billing.autostart:true
2026-09-20 11:29:42 Info  ConfigInfo0: N*auth.billing.idletimeout:0
2026-09-20 11:29:42 Info  ConfigInfo0: S*auth.billing.ip:127.0.0.1
2026-09-20 11:29:42 Info  ConfigInfo0: N*auth.billing.port:4503
2026-09-20 11:29:42 Info  ConfigInfo0: B*auth.clients.autostart:true
2026-09-20 11:29:42 Info  ConfigInfo0: S*auth.clients.des_key:MERONG
2026-09-20 11:29:42 Info  ConfigInfo0: N*auth.clients.idletimeout:301
2026-09-20 11:29:42 Info  ConfigInfo0: S auth.clients.ip:0.0.0.0
2026-09-20 11:29:42 Info  ConfigInfo0: N auth.clients.maxpublicserveridx:5
2026-09-20 11:29:42 Info  ConfigInfo0: N auth.clients.port:4615
2026-09-20 11:29:42 Info  ConfigInfo0: B*auth.clients.restrictchars:true
2026-09-20 11:29:42 Info  ConfigInfo0: S auth.db.account:<hidden>
2026-09-20 11:29:42 Info  ConfigInfo0: S*auth.db.connectionstring:<hidden>
2026-09-20 11:29:42 Info  ConfigInfo0: S*auth.db.cryptedconnectionstring:<hidden>
2026-09-20 11:29:42 Info  ConfigInfo0: S auth.db.cryptedpassword:<hidden>
2026-09-20 11:29:42 Info  ConfigInfo0: S*auth.db.driver:SQL Server
2026-09-20 11:29:42 Info  ConfigInfo0: B*auth.db.ignoreinitcheck:true
2026-09-20 11:29:42 Info  ConfigInfo0: S auth.db.name:AuthKitekat
2026-09-20 11:29:42 Info  ConfigInfo0: S*auth.db.password:<hidden>
2026-09-20 11:29:42 Info  ConfigInfo0: N auth.db.port:1433
2026-09-20 11:29:42 Info  ConfigInfo0: S auth.db.salt:kitekatsalt
2026-09-20 11:29:42 Info  ConfigInfo0: S auth.db.server:127.0.0.1
2026-09-20 11:29:42 Info  ConfigInfo0: B*auth.gameserver.autostart:true
2026-09-20 11:29:42 Info  ConfigInfo0: N*auth.gameserver.idletimeout:0
2026-09-20 11:29:42 Info  ConfigInfo0: S auth.gameserver.ip:127.0.0.1
2026-09-20 11:29:42 Info  ConfigInfo0: N*auth.gameserver.maxplayers:400
2026-09-20 11:29:42 Info  ConfigInfo0: N auth.gameserver.port:4502
2026-09-20 11:29:42 Info  ConfigInfo0: B*auth.gameserver.strictkick:true
2026-09-20 11:29:42 Info  ConfigInfo0: S*auth.securityno.salt:kitekatsalt
2026-09-20 11:29:42 Info  ConfigInfo0: S*ban.ipfile:D:\Utilisateurs\Sn00py\Bureau\KitekatRepack\Auth_bin/bannedip.txt
2026-09-20 11:29:42 Info  ConfigInfo0: S*configfile:D:\Utilisateurs\Sn00py\Bureau\KitekatRepack\Auth_bin/auth.opt
2026-09-20 11:29:42 Info  ConfigInfo0: S*core.appname:rzauth
2026-09-20 11:29:42 Info  ConfigInfo0: S core.log.consolelevel:info
2026-09-20 11:29:42 Info  ConfigInfo0: S*core.log.dir:D:\Utilisateurs\Sn00py\Bureau\KitekatRepack\Auth_bin/log
2026-09-20 11:29:42 Info  ConfigInfo0: B*core.log.enable:true
2026-09-20 11:29:42 Info  ConfigInfo0: S*core.log.file:auth.log
2026-09-20 11:29:42 Info  ConfigInfo0: S core.log.level:debug
2026-09-20 11:29:42 Info  ConfigInfo0: N*core.log.maxqueuesize:10000
2026-09-20 11:29:42 Info  ConfigInfo0: B*core.usetcpnodelay:false
2026-09-20 11:29:42 Info  ConfigInfo0: S*core.version:Git rev 405bfa0d5a643590e0ca61550c5acabbe29013e0-dirty build on 2015-08-19T13:05:34Z
2026-09-20 11:29:42 Info  ConfigInfo0: S*global.version:Git rev e72cbdb71207379379fb36444327466602390933-dirty build on 2015-08-19T13:06:12Z
2026-09-20 11:29:42 Info  ConfigInfo0: B*logclient.enable:true
2026-09-20 11:29:42 Info  ConfigInfo0: S*logclient.ip:127.0.0.1
2026-09-20 11:29:42 Info  ConfigInfo0: N*logclient.port:4516
2026-09-20 11:29:42 Info  ConfigInfo0: S*sql.db_account.column.accountid:account_id
2026-09-20 11:29:42 Info  ConfigInfo0: S*sql.db_account.column.age:age
2026-09-20 11:29:42 Info  ConfigInfo0: S*sql.db_account.column.authok:auth_ok
2026-09-20 11:29:42 Info  ConfigInfo0: S*sql.db_account.column.block:block
2026-09-20 11:29:42 Info  ConfigInfo0: S*sql.db_account.column.eventcode:event_code
2026-09-20 11:29:42 Info  ConfigInfo0: S*sql.db_account.column.lastserveridx:last_login_server_idx
2026-09-20 11:29:42 Info  ConfigInfo0: S*sql.db_account.column.password:password
2026-09-20 11:29:42 Info  ConfigInfo0: S*sql.db_account.column.pcbang:pcbang
2026-09-20 11:29:42 Info  ConfigInfo0: S*sql.db_account.column.serveridxoffset:server_idx_offset
2026-09-20 11:29:42 Info  ConfigInfo0: B*sql.db_account.enable:true
2026-09-20 11:29:42 Info  ConfigInfo0: N*sql.db_account.param.account:1
2026-09-20 11:29:42 Info  ConfigInfo0: N*sql.db_account.param.ip:-1
2026-09-20 11:29:42 Info  ConfigInfo0: N*sql.db_account.param.password:2
2026-09-20 11:29:42 Info  ConfigInfo0: S sql.db_account.query:SELECT * FROM Account WITH(NOLOCK) WHERE account = ? AND password = ?;
2026-09-20 11:29:42 Info  ConfigInfo0: B*sql.db_securitynocheck.enable:true
2026-09-20 11:29:42 Info  ConfigInfo0: N*sql.db_securitynocheck.param.account:1
2026-09-20 11:29:42 Info  ConfigInfo0: N*sql.db_securitynocheck.param.securityno:2
2026-09-20 11:29:42 Info  ConfigInfo0: S*sql.db_securitynocheck.query:SELECT account FROM account WHERE account = ? AND password = ?
2026-09-20 11:29:42 Info  ConfigInfo0: B*sql.db_updatelastserveridx.enable:true
2026-09-20 11:29:42 Info  ConfigInfo0: N*sql.db_updatelastserveridx.param.accountid:2
2026-09-20 11:29:42 Info  ConfigInfo0: N*sql.db_updatelastserveridx.param.serveridx:1
2026-09-20 11:29:42 Info  ConfigInfo0: S*sql.db_updatelastserveridx.query:UPDATE account SET last_login_server_idx = ? WHERE account_id = ?;
2026-09-20 11:29:42 Info  ConfigInfo0: N stats.connections:0
2026-09-20 11:29:42 Info  ConfigInfo0: N stats.disconnections:0
2026-09-20 11:29:42 Info  ConfigInfo0: S*trafficdump.consolelevel:fatal
2026-09-20 11:29:42 Info  ConfigInfo0: S*trafficdump.dir:D:\Utilisateurs\Sn00py\Bureau\KitekatRepack\Auth_bin/traffic_log
2026-09-20 11:29:42 Info  ConfigInfo0: B*trafficdump.enable:false
2026-09-20 11:29:42 Info  ConfigInfo0: S*trafficdump.file:auth.log
2026-09-20 11:29:42 Info  ConfigInfo0: S*trafficdump.level:debug
2026-09-20 11:29:42 Info  ConfigInfo0: B*upload.clients.autostart:true
2026-09-20 11:29:42 Info  ConfigInfo0: N*upload.clients.idletimeout:61
2026-09-20 11:29:42 Info  ConfigInfo0: S upload.clients.ip:0.0.0.0
2026-09-20 11:29:42 Info  ConfigInfo0: N upload.clients.port:4617
2026-09-20 11:29:42 Info  ConfigInfo0: S upload.dir:C:\inetpub\wwwroot\gicon
2026-09-20 11:29:42 Info  ConfigInfo0: B*upload.gameserver.autostart:true
2026-09-20 11:29:42 Info  ConfigInfo0: N*upload.gameserver.idletimeout:0
2026-09-20 11:29:42 Info  ConfigInfo0: S upload.gameserver.ip:127.0.0.1
2026-09-20 11:29:42 Info  ConfigInfo0: N upload.gameserver.port:4616
2026-09-20 11:29:42 Info  ConfigInfo0: B*upload.iconserver.autostart:true
2026-09-20 11:29:42 Info  ConfigInfo0: N*upload.iconserver.idletimeout:31
2026-09-20 11:29:42 Info  ConfigInfo0: S upload.iconserver.ip:0.0.0.0
2026-09-20 11:29:42 Info  ConfigInfo0: N upload.iconserver.port:5000
2026-09-20 11:29:42 Info  DbConnectionPool0: Checking connection to database
2026-09-20 11:29:42 Debug DbConnectionPool0: Connecting to database
2026-09-20 11:30:00 ERROR ODBC: SQLDriverConnect: error:
2026-09-20 11:30:00 ERROR ODBC: 08001:1:17:[Microsoft][ODBC SQL Server Driver][DBNETLIB]SQL Server n'existe pas ou son accès est refusé.
2026-09-20 11:30:00 ERROR ODBC: 01000:2:53:[Microsoft][ODBC SQL Server Driver][DBNETLIB]ConnectionOpen (Connect()).
2026-09-20 11:30:00 ERROR DbConnectionPool0: Failed to connect to driver=SQL Server;Server=127.0.0.1,1433;Database=AuthKitekat;UID=kitekat_user;PWD=KitekatLocal2026!;
2026-09-20 11:30:00 ERROR DbConnectionPool0: Could not retrieve a DB connection from pool to "driver=SQL Server;Server=127.0.0.1,1433;Database=AuthKitekat;UID=kitekat_user;PWD=KitekatLocal2026!;"
2026-09-20 11:30:00 Info  SessionServer<AuthServer::ClientSession>: Starting server auth.clients on 0.0.0.0:4615
2026-09-20 11:30:00 Debug BanManager0: No ban ip file: "D:\Utilisateurs\Sn00py\Bureau\KitekatRepack\Auth_bin/bannedip.txt"
2026-09-20 11:30:00 Info  SessionServer<AuthServer::BillingInterface>: Starting server auth.billing on 127.0.0.1:4503
2026-09-20 11:30:00 Info  SessionServer<AuthServer::GameServerSession>: Starting server auth.gameserver on 127.0.0.1:4502
2026-09-20 11:30:00 Info  SessionServer<UploadServer::GameServerSession>: Starting server upload.gameserver on 127.0.0.1:4616
2026-09-20 11:30:00 Info  SessionServer<UploadServer::ClientSession>: Starting server upload.clients on 0.0.0.0:4617
2026-09-20 11:30:00 Debug BanManager0: No ban ip file: "D:\Utilisateurs\Sn00py\Bureau\KitekatRepack\Auth_bin/bannedip.txt"
2026-09-20 11:30:00 Info  SessionServer<UploadServer::IconServerSession>: Starting server upload.iconserver on 0.0.0.0:5000
2026-09-20 11:30:00 Debug BanManager0: No ban ip file: "D:\Utilisateurs\Sn00py\Bureau\KitekatRepack\Auth_bin/bannedip.txt"
2026-09-20 11:30:00 Info  SessionServer<AdminServer::AdminInterface>: Starting server admin.telnet on 127.0.0.1:4501
2026-09-20 11:30:02 ERROR Socket[:0 <> 127.0.0.1:4516]: onConnected: connection refused
2026-09-20 11:30:02 Info  SocketSession0: Disconnected from Log server 127.0.0.1:4516
2026-09-20 11:30:43 Info  SessionServer<AuthServer::ClientSession>: Stopping server auth.clients
2026-09-20 11:30:43 Info  SessionServer<AuthServer::BillingInterface>: Stopping server auth.billing
2026-09-20 11:30:43 Info  SessionServer<AuthServer::GameServerSession>: Stopping server auth.gameserver
2026-09-20 11:30:43 Info  SessionServer<UploadServer::GameServerSession>: Stopping server upload.gameserver
2026-09-20 11:30:43 Info  SessionServer<UploadServer::ClientSession>: Stopping server upload.clients
2026-09-20 11:30:43 Info  SessionServer<UploadServer::IconServerSession>: Stopping server upload.iconserver
2026-09-20 11:30:43 Info  SessionServer<AdminServer::AdminInterface>: Stopping server admin.telnet
2026-09-20 11:30:43 Info  Log0: Log thread stopped
2026-09-20 11:31:58 Info  Log0: Log thread started using filename auth.log
2026-09-20 11:31:58 Debug Log1: Using file log level Debug
2026-09-20 11:31:58 Debug Log1: Using console log level FATAL
2026-09-20 11:31:58 Info  ConfigInfo0: Config dump:
2026-09-20 11:31:58 Info  ConfigInfo0: N*admin.dump_mode:0
2026-09-20 11:31:58 Info  ConfigInfo0: B*admin.telnet.autostart:true
2026-09-20 11:31:58 Info  ConfigInfo0: N*admin.telnet.idletimeout:0
2026-09-20 11:31:58 Info  ConfigInfo0: S*admin.telnet.ip:127.0.0.1
2026-09-20 11:31:58 Info  ConfigInfo0: N*admin.telnet.port:4501
2026-09-20 11:31:58 Info  ConfigInfo0: B*auth.billing.autostart:true
2026-09-20 11:31:58 Info  ConfigInfo0: N*auth.billing.idletimeout:0
2026-09-20 11:31:58 Info  ConfigInfo0: S*auth.billing.ip:127.0.0.1
2026-09-20 11:31:58 Info  ConfigInfo0: N*auth.billing.port:4503
2026-09-20 11:31:58 Info  ConfigInfo0: B*auth.clients.autostart:true
2026-09-20 11:31:58 Info  ConfigInfo0: S*auth.clients.des_key:MERONG
2026-09-20 11:31:58 Info  ConfigInfo0: N*auth.clients.idletimeout:301
2026-09-20 11:31:58 Info  ConfigInfo0: S auth.clients.ip:0.0.0.0
2026-09-20 11:31:58 Info  ConfigInfo0: N auth.clients.maxpublicserveridx:5
2026-09-20 11:31:58 Info  ConfigInfo0: N auth.clients.port:4615
2026-09-20 11:31:58 Info  ConfigInfo0: B*auth.clients.restrictchars:true
2026-09-20 11:31:58 Info  ConfigInfo0: S auth.db.account:<hidden>
2026-09-20 11:31:58 Info  ConfigInfo0: S*auth.db.connectionstring:<hidden>
2026-09-20 11:31:58 Info  ConfigInfo0: S*auth.db.cryptedconnectionstring:<hidden>
2026-09-20 11:31:58 Info  ConfigInfo0: S auth.db.cryptedpassword:<hidden>
2026-09-20 11:31:58 Info  ConfigInfo0: S*auth.db.driver:SQL Server
2026-09-20 11:31:58 Info  ConfigInfo0: B*auth.db.ignoreinitcheck:true
2026-09-20 11:31:58 Info  ConfigInfo0: S auth.db.name:AuthKitekat
2026-09-20 11:31:58 Info  ConfigInfo0: S*auth.db.password:<hidden>
2026-09-20 11:31:58 Info  ConfigInfo0: N auth.db.port:1433
2026-09-20 11:31:58 Info  ConfigInfo0: S auth.db.salt:kitekatsalt
2026-09-20 11:31:58 Info  ConfigInfo0: S auth.db.server:127.0.0.1
2026-09-20 11:31:58 Info  ConfigInfo0: B*auth.gameserver.autostart:true
2026-09-20 11:31:58 Info  ConfigInfo0: N*auth.gameserver.idletimeout:0
2026-09-20 11:31:58 Info  ConfigInfo0: S auth.gameserver.ip:127.0.0.1
2026-09-20 11:31:58 Info  ConfigInfo0: N*auth.gameserver.maxplayers:400
2026-09-20 11:31:58 Info  ConfigInfo0: N auth.gameserver.port:4502
2026-09-20 11:31:58 Info  ConfigInfo0: B*auth.gameserver.strictkick:true
2026-09-20 11:31:58 Info  ConfigInfo0: S*auth.securityno.salt:kitekatsalt
2026-09-20 11:31:58 Info  ConfigInfo0: S*ban.ipfile:D:\Utilisateurs\Sn00py\Bureau\KitekatRepack\Auth_bin/bannedip.txt
2026-09-20 11:31:58 Info  ConfigInfo0: S*configfile:D:\Utilisateurs\Sn00py\Bureau\KitekatRepack\Auth_bin/auth.opt
2026-09-20 11:31:58 Info  ConfigInfo0: S*core.appname:rzauth
2026-09-20 11:31:58 Info  ConfigInfo0: S core.log.consolelevel:info
2026-09-20 11:31:58 Info  ConfigInfo0: S*core.log.dir:D:\Utilisateurs\Sn00py\Bureau\KitekatRepack\Auth_bin/log
2026-09-20 11:31:58 Info  ConfigInfo0: B*core.log.enable:true
2026-09-20 11:31:58 Info  ConfigInfo0: S*core.log.file:auth.log
2026-09-20 11:31:58 Info  ConfigInfo0: S core.log.level:debug
2026-09-20 11:31:58 Info  ConfigInfo0: N*core.log.maxqueuesize:10000
2026-09-20 11:31:58 Info  ConfigInfo0: B*core.usetcpnodelay:false
2026-09-20 11:31:58 Info  ConfigInfo0: S*core.version:Git rev 405bfa0d5a643590e0ca61550c5acabbe29013e0-dirty build on 2015-08-19T13:05:34Z
2026-09-20 11:31:58 Info  ConfigInfo0: S*global.version:Git rev e72cbdb71207379379fb36444327466602390933-dirty build on 2015-08-19T13:06:12Z
2026-09-20 11:31:58 Info  ConfigInfo0: B*logclient.enable:true
2026-09-20 11:31:58 Info  ConfigInfo0: S*logclient.ip:127.0.0.1
2026-09-20 11:31:58 Info  ConfigInfo0: N*logclient.port:4516
2026-09-20 11:31:58 Info  ConfigInfo0: S*sql.db_account.column.accountid:account_id
2026-09-20 11:31:58 Info  ConfigInfo0: S*sql.db_account.column.age:age
2026-09-20 11:31:58 Info  ConfigInfo0: S*sql.db_account.column.authok:auth_ok
2026-09-20 11:31:58 Info  ConfigInfo0: S*sql.db_account.column.block:block
2026-09-20 11:31:58 Info  ConfigInfo0: S*sql.db_account.column.eventcode:event_code
2026-09-20 11:31:58 Info  ConfigInfo0: S*sql.db_account.column.lastserveridx:last_login_server_idx
2026-09-20 11:31:58 Info  ConfigInfo0: S*sql.db_account.column.password:password
2026-09-20 11:31:58 Info  ConfigInfo0: S*sql.db_account.column.pcbang:pcbang
2026-09-20 11:31:58 Info  ConfigInfo0: S*sql.db_account.column.serveridxoffset:server_idx_offset
2026-09-20 11:31:58 Info  ConfigInfo0: B*sql.db_account.enable:true
2026-09-20 11:31:58 Info  ConfigInfo0: N*sql.db_account.param.account:1
2026-09-20 11:31:58 Info  ConfigInfo0: N*sql.db_account.param.ip:-1
2026-09-20 11:31:58 Info  ConfigInfo0: N*sql.db_account.param.password:2
2026-09-20 11:31:58 Info  ConfigInfo0: S sql.db_account.query:SELECT * FROM Account WITH(NOLOCK) WHERE account = ? AND password = ?;
2026-09-20 11:31:58 Info  ConfigInfo0: B*sql.db_securitynocheck.enable:true
2026-09-20 11:31:58 Info  ConfigInfo0: N*sql.db_securitynocheck.param.account:1
2026-09-20 11:31:58 Info  ConfigInfo0: N*sql.db_securitynocheck.param.securityno:2
2026-09-20 11:31:58 Info  ConfigInfo0: S*sql.db_securitynocheck.query:SELECT account FROM account WHERE account = ? AND password = ?
2026-09-20 11:31:58 Info  ConfigInfo0: B*sql.db_updatelastserveridx.enable:true
2026-09-20 11:31:58 Info  ConfigInfo0: N*sql.db_updatelastserveridx.param.accountid:2
2026-09-20 11:31:58 Info  ConfigInfo0: N*sql.db_updatelastserveridx.param.serveridx:1
2026-09-20 11:31:58 Info  ConfigInfo0: S*sql.db_updatelastserveridx.query:UPDATE account SET last_login_server_idx = ? WHERE account_id = ?;
2026-09-20 11:31:58 Info  ConfigInfo0: N stats.connections:0
2026-09-20 11:31:58 Info  ConfigInfo0: N stats.disconnections:0
2026-09-20 11:31:58 Info  ConfigInfo0: S*trafficdump.consolelevel:fatal
2026-09-20 11:31:58 Info  ConfigInfo0: S*trafficdump.dir:D:\Utilisateurs\Sn00py\Bureau\KitekatRepack\Auth_bin/traffic_log
2026-09-20 11:31:58 Info  ConfigInfo0: B*trafficdump.enable:false
2026-09-20 11:31:58 Info  ConfigInfo0: S*trafficdump.file:auth.log
2026-09-20 11:31:58 Info  ConfigInfo0: S*trafficdump.level:debug
2026-09-20 11:31:58 Info  ConfigInfo0: B*upload.clients.autostart:true
2026-09-20 11:31:58 Info  ConfigInfo0: N*upload.clients.idletimeout:61
2026-09-20 11:31:58 Info  ConfigInfo0: S upload.clients.ip:0.0.0.0
2026-09-20 11:31:58 Info  ConfigInfo0: N upload.clients.port:4617
2026-09-20 11:31:58 Info  ConfigInfo0: S upload.dir:C:\inetpub\wwwroot\gicon
2026-09-20 11:31:58 Info  ConfigInfo0: B*upload.gameserver.autostart:true
2026-09-20 11:31:58 Info  ConfigInfo0: N*upload.gameserver.idletimeout:0
2026-09-20 11:31:58 Info  ConfigInfo0: S upload.gameserver.ip:127.0.0.1
2026-09-20 11:31:58 Info  ConfigInfo0: N upload.gameserver.port:4616
2026-09-20 11:31:58 Info  ConfigInfo0: B*upload.iconserver.autostart:true
2026-09-20 11:31:58 Info  ConfigInfo0: N*upload.iconserver.idletimeout:31
2026-09-20 11:31:58 Info  ConfigInfo0: S upload.iconserver.ip:0.0.0.0
2026-09-20 11:31:58 Info  ConfigInfo0: N upload.iconserver.port:5000
2026-09-20 11:31:58 Info  DbConnectionPool0: Checking connection to database
2026-09-20 11:31:58 Debug DbConnectionPool0: Connecting to database
2026-09-20 11:32:15 ERROR ODBC: SQLDriverConnect: error:
2026-09-20 11:32:15 ERROR ODBC: 08001:1:17:[Microsoft][ODBC SQL Server Driver][DBNETLIB]SQL Server n'existe pas ou son accès est refusé.
2026-09-20 11:32:15 ERROR ODBC: 01000:2:53:[Microsoft][ODBC SQL Server Driver][DBNETLIB]ConnectionOpen (Connect()).
2026-09-20 11:32:15 ERROR DbConnectionPool0: Failed to connect to driver=SQL Server;Server=127.0.0.1,1433;Database=AuthKitekat;UID=kitekat_user;PWD=KitekatLocal2026!;
2026-09-20 11:32:15 ERROR DbConnectionPool0: Could not retrieve a DB connection from pool to "driver=SQL Server;Server=127.0.0.1,1433;Database=AuthKitekat;UID=kitekat_user;PWD=KitekatLocal2026!;"
2026-09-20 11:32:15 Info  SessionServer<AuthServer::ClientSession>: Starting server auth.clients on 0.0.0.0:4615
2026-09-20 11:32:15 Debug BanManager0: No ban ip file: "D:\Utilisateurs\Sn00py\Bureau\KitekatRepack\Auth_bin/bannedip.txt"
2026-09-20 11:32:15 Info  SessionServer<AuthServer::BillingInterface>: Starting server auth.billing on 127.0.0.1:4503
2026-09-20 11:32:15 Info  SessionServer<AuthServer::GameServerSession>: Starting server auth.gameserver on 127.0.0.1:4502
2026-09-20 11:32:15 Info  SessionServer<UploadServer::GameServerSession>: Starting server upload.gameserver on 127.0.0.1:4616
2026-09-20 11:32:15 Info  SessionServer<UploadServer::ClientSession>: Starting server upload.clients on 0.0.0.0:4617
2026-09-20 11:32:15 Debug BanManager0: No ban ip file: "D:\Utilisateurs\Sn00py\Bureau\KitekatRepack\Auth_bin/bannedip.txt"
2026-09-20 11:32:15 Info  SessionServer<UploadServer::IconServerSession>: Starting server upload.iconserver on 0.0.0.0:5000
2026-09-20 11:32:15 Debug BanManager0: No ban ip file: "D:\Utilisateurs\Sn00py\Bureau\KitekatRepack\Auth_bin/bannedip.txt"
2026-09-20 11:32:15 Info  SessionServer<AdminServer::AdminInterface>: Starting server admin.telnet on 127.0.0.1:4501
2026-09-20 11:32:17 ERROR Socket[:0 <> 127.0.0.1:4516]: onConnected: connection refused
2026-09-20 11:32:17 Info  SocketSession0: Disconnected from Log server 127.0.0.1:4516
2026-09-20 11:33:18 Info  SessionServer<AuthServer::ClientSession>: Stopping server auth.clients
2026-09-20 11:33:18 Info  SessionServer<AuthServer::BillingInterface>: Stopping server auth.billing
2026-09-20 11:33:18 Info  SessionServer<AuthServer::GameServerSession>: Stopping server auth.gameserver
2026-09-20 11:33:18 Info  SessionServer<UploadServer::GameServerSession>: Stopping server upload.gameserver
2026-09-20 11:33:18 Info  SessionServer<UploadServer::ClientSession>: Stopping server upload.clients
2026-09-20 11:33:18 Info  SessionServer<UploadServer::IconServerSession>: Stopping server upload.iconserver
2026-09-20 11:33:18 Info  SessionServer<AdminServer::AdminInterface>: Stopping server admin.telnet
2026-09-20 11:33:18 Info  Log0: Log thread stopped
2026-09-20 11:42:17 Info  Log0: Log thread started using filename auth.log
2026-09-20 11:42:17 Debug Log1: Using file log level Debug
2026-09-20 11:42:17 Debug Log1: Using console log level FATAL
2026-09-20 11:42:17 Info  ConfigInfo0: Config dump:
2026-09-20 11:42:17 Info  ConfigInfo0: N*admin.dump_mode:0
2026-09-20 11:42:17 Info  ConfigInfo0: B*admin.telnet.autostart:true
2026-09-20 11:42:17 Info  ConfigInfo0: N*admin.telnet.idletimeout:0
2026-09-20 11:42:17 Info  ConfigInfo0: S*admin.telnet.ip:127.0.0.1
2026-09-20 11:42:17 Info  ConfigInfo0: N*admin.telnet.port:4501
2026-09-20 11:42:17 Info  ConfigInfo0: B*auth.billing.autostart:true
2026-09-20 11:42:17 Info  ConfigInfo0: N*auth.billing.idletimeout:0
2026-09-20 11:42:17 Info  ConfigInfo0: S*auth.billing.ip:127.0.0.1
2026-09-20 11:42:17 Info  ConfigInfo0: N*auth.billing.port:4503
2026-09-20 11:42:17 Info  ConfigInfo0: B*auth.clients.autostart:true
2026-09-20 11:42:17 Info  ConfigInfo0: S*auth.clients.des_key:MERONG
2026-09-20 11:42:17 Info  ConfigInfo0: N*auth.clients.idletimeout:301
2026-09-20 11:42:17 Info  ConfigInfo0: S auth.clients.ip:0.0.0.0
2026-09-20 11:42:17 Info  ConfigInfo0: N auth.clients.maxpublicserveridx:5
2026-09-20 11:42:17 Info  ConfigInfo0: N auth.clients.port:4615
2026-09-20 11:42:17 Info  ConfigInfo0: B*auth.clients.restrictchars:true
2026-09-20 11:42:17 Info  ConfigInfo0: S auth.db.account:<hidden>
2026-09-20 11:42:17 Info  ConfigInfo0: S*auth.db.connectionstring:<hidden>
2026-09-20 11:42:17 Info  ConfigInfo0: S*auth.db.cryptedconnectionstring:<hidden>
2026-09-20 11:42:17 Info  ConfigInfo0: S auth.db.cryptedpassword:<hidden>
2026-09-20 11:42:17 Info  ConfigInfo0: S*auth.db.driver:SQL Server
2026-09-20 11:42:17 Info  ConfigInfo0: B*auth.db.ignoreinitcheck:true
2026-09-20 11:42:17 Info  ConfigInfo0: S auth.db.name:AuthKitekat
2026-09-20 11:42:17 Info  ConfigInfo0: S*auth.db.password:<hidden>
2026-09-20 11:42:17 Info  ConfigInfo0: N auth.db.port:1433
2026-09-20 11:42:17 Info  ConfigInfo0: S auth.db.salt:kitekatsalt
2026-09-20 11:42:17 Info  ConfigInfo0: S auth.db.server:127.0.0.1
2026-09-20 11:42:17 Info  ConfigInfo0: B*auth.gameserver.autostart:true
2026-09-20 11:42:17 Info  ConfigInfo0: N*auth.gameserver.idletimeout:0
2026-09-20 11:42:17 Info  ConfigInfo0: S auth.gameserver.ip:127.0.0.1
2026-09-20 11:42:17 Info  ConfigInfo0: N*auth.gameserver.maxplayers:400
2026-09-20 11:42:17 Info  ConfigInfo0: N auth.gameserver.port:4502
2026-09-20 11:42:17 Info  ConfigInfo0: B*auth.gameserver.strictkick:true
2026-09-20 11:42:17 Info  ConfigInfo0: S*auth.securityno.salt:kitekatsalt
2026-09-20 11:42:17 Info  ConfigInfo0: S*ban.ipfile:D:\Utilisateurs\Sn00py\Bureau\KitekatRepack\Auth_bin/bannedip.txt
2026-09-20 11:42:17 Info  ConfigInfo0: S*configfile:D:\Utilisateurs\Sn00py\Bureau\KitekatRepack\Auth_bin/auth.opt
2026-09-20 11:42:17 Info  ConfigInfo0: S*core.appname:rzauth
2026-09-20 11:42:17 Info  ConfigInfo0: S core.log.consolelevel:info
2026-09-20 11:42:17 Info  ConfigInfo0: S*core.log.dir:D:\Utilisateurs\Sn00py\Bureau\KitekatRepack\Auth_bin/log
2026-09-20 11:42:17 Info  ConfigInfo0: B*core.log.enable:true
2026-09-20 11:42:17 Info  ConfigInfo0: S*core.log.file:auth.log
2026-09-20 11:42:17 Info  ConfigInfo0: S core.log.level:debug
2026-09-20 11:42:17 Info  ConfigInfo0: N*core.log.maxqueuesize:10000
2026-09-20 11:42:17 Info  ConfigInfo0: B*core.usetcpnodelay:false
2026-09-20 11:42:17 Info  ConfigInfo0: S*core.version:Git rev 405bfa0d5a643590e0ca61550c5acabbe29013e0-dirty build on 2015-08-19T13:05:34Z
2026-09-20 11:42:17 Info  ConfigInfo0: S*global.version:Git rev e72cbdb71207379379fb36444327466602390933-dirty build on 2015-08-19T13:06:12Z
2026-09-20 11:42:17 Info  ConfigInfo0: B*logclient.enable:true
2026-09-20 11:42:17 Info  ConfigInfo0: S*logclient.ip:127.0.0.1
2026-09-20 11:42:17 Info  ConfigInfo0: N*logclient.port:4516
2026-09-20 11:42:17 Info  ConfigInfo0: S*sql.db_account.column.accountid:account_id
2026-09-20 11:42:17 Info  ConfigInfo0: S*sql.db_account.column.age:age
2026-09-20 11:42:17 Info  ConfigInfo0: S*sql.db_account.column.authok:auth_ok
2026-09-20 11:42:17 Info  ConfigInfo0: S*sql.db_account.column.block:block
2026-09-20 11:42:17 Info  ConfigInfo0: S*sql.db_account.column.eventcode:event_code
2026-09-20 11:42:17 Info  ConfigInfo0: S*sql.db_account.column.lastserveridx:last_login_server_idx
2026-09-20 11:42:17 Info  ConfigInfo0: S*sql.db_account.column.password:password
2026-09-20 11:42:17 Info  ConfigInfo0: S*sql.db_account.column.pcbang:pcbang
2026-09-20 11:42:17 Info  ConfigInfo0: S*sql.db_account.column.serveridxoffset:server_idx_offset
2026-09-20 11:42:17 Info  ConfigInfo0: B*sql.db_account.enable:true
2026-09-20 11:42:17 Info  ConfigInfo0: N*sql.db_account.param.account:1
2026-09-20 11:42:17 Info  ConfigInfo0: N*sql.db_account.param.ip:-1
2026-09-20 11:42:17 Info  ConfigInfo0: N*sql.db_account.param.password:2
2026-09-20 11:42:17 Info  ConfigInfo0: S sql.db_account.query:SELECT * FROM Account WITH(NOLOCK) WHERE account = ? AND password = ?;
2026-09-20 11:42:17 Info  ConfigInfo0: B*sql.db_securitynocheck.enable:true
2026-09-20 11:42:17 Info  ConfigInfo0: N*sql.db_securitynocheck.param.account:1
2026-09-20 11:42:17 Info  ConfigInfo0: N*sql.db_securitynocheck.param.securityno:2
2026-09-20 11:42:17 Info  ConfigInfo0: S*sql.db_securitynocheck.query:SELECT account FROM account WHERE account = ? AND password = ?
2026-09-20 11:42:17 Info  ConfigInfo0: B*sql.db_updatelastserveridx.enable:true
2026-09-20 11:42:17 Info  ConfigInfo0: N*sql.db_updatelastserveridx.param.accountid:2
2026-09-20 11:42:17 Info  ConfigInfo0: N*sql.db_updatelastserveridx.param.serveridx:1
2026-09-20 11:42:17 Info  ConfigInfo0: S*sql.db_updatelastserveridx.query:UPDATE account SET last_login_server_idx = ? WHERE account_id = ?;
2026-09-20 11:42:17 Info  ConfigInfo0: N stats.connections:0
2026-09-20 11:42:17 Info  ConfigInfo0: N stats.disconnections:0
2026-09-20 11:42:17 Info  ConfigInfo0: S*trafficdump.consolelevel:fatal
2026-09-20 11:42:17 Info  ConfigInfo0: S*trafficdump.dir:D:\Utilisateurs\Sn00py\Bureau\KitekatRepack\Auth_bin/traffic_log
2026-09-20 11:42:17 Info  ConfigInfo0: B*trafficdump.enable:false
2026-09-20 11:42:17 Info  ConfigInfo0: S*trafficdump.file:auth.log
2026-09-20 11:42:17 Info  ConfigInfo0: S*trafficdump.level:debug
2026-09-20 11:42:17 Info  ConfigInfo0: B*upload.clients.autostart:true
2026-09-20 11:42:17 Info  ConfigInfo0: N*upload.clients.idletimeout:61
2026-09-20 11:42:17 Info  ConfigInfo0: S upload.clients.ip:0.0.0.0
2026-09-20 11:42:17 Info  ConfigInfo0: N upload.clients.port:4617
2026-09-20 11:42:17 Info  ConfigInfo0: S upload.dir:C:\inetpub\wwwroot\gicon
2026-09-20 11:42:17 Info  ConfigInfo0: B*upload.gameserver.autostart:true
2026-09-20 11:42:17 Info  ConfigInfo0: N*upload.gameserver.idletimeout:0
2026-09-20 11:42:17 Info  ConfigInfo0: S upload.gameserver.ip:127.0.0.1
2026-09-20 11:42:17 Info  ConfigInfo0: N upload.gameserver.port:4616
2026-09-20 11:42:17 Info  ConfigInfo0: B*upload.iconserver.autostart:true
2026-09-20 11:42:17 Info  ConfigInfo0: N*upload.iconserver.idletimeout:31
2026-09-20 11:42:17 Info  ConfigInfo0: S upload.iconserver.ip:0.0.0.0
2026-09-20 11:42:17 Info  ConfigInfo0: N upload.iconserver.port:5000
2026-09-20 11:42:17 Info  DbConnectionPool0: Checking connection to database
2026-09-20 11:42:17 Debug DbConnectionPool0: Connecting to database
2026-09-20 11:42:17 Info  ODBC: SQLDriverConnect: additional info:
2026-09-20 11:42:17 Info  ODBC: 01000:1:5701:[Microsoft][ODBC SQL Server Driver][SQL Server]Changed database context to 'AuthKitekat'.
2026-09-20 11:42:17 Info  ODBC: 01000:2:5703:[Microsoft][ODBC SQL Server Driver][SQL Server]Changed language setting to us_english.
2026-09-20 11:42:17 Info  DbConnectionPool0: Connection ok
2026-09-20 11:42:17 Info  SessionServer<AuthServer::ClientSession>: Starting server auth.clients on 0.0.0.0:4615
2026-09-20 11:42:17 Debug BanManager0: No ban ip file: "D:\Utilisateurs\Sn00py\Bureau\KitekatRepack\Auth_bin/bannedip.txt"
2026-09-20 11:42:17 Info  SessionServer<AuthServer::BillingInterface>: Starting server auth.billing on 127.0.0.1:4503
2026-09-20 11:42:17 Info  SessionServer<AuthServer::GameServerSession>: Starting server auth.gameserver on 127.0.0.1:4502
2026-09-20 11:42:17 Info  SessionServer<UploadServer::GameServerSession>: Starting server upload.gameserver on 127.0.0.1:4616
2026-09-20 11:42:17 Info  SessionServer<UploadServer::ClientSession>: Starting server upload.clients on 0.0.0.0:4617
2026-09-20 11:42:17 Debug BanManager0: No ban ip file: "D:\Utilisateurs\Sn00py\Bureau\KitekatRepack\Auth_bin/bannedip.txt"
2026-09-20 11:42:17 Info  SessionServer<UploadServer::IconServerSession>: Starting server upload.iconserver on 0.0.0.0:5000
2026-09-20 11:42:17 Debug BanManager0: No ban ip file: "D:\Utilisateurs\Sn00py\Bureau\KitekatRepack\Auth_bin/bannedip.txt"
2026-09-20 11:42:17 Info  SessionServer<AdminServer::AdminInterface>: Starting server admin.telnet on 127.0.0.1:4501
2026-09-20 11:42:19 ERROR Socket[:0 <> 127.0.0.1:4516]: onConnected: connection refused
2026-09-20 11:42:19 Info  SocketSession0: Disconnected from Log server 127.0.0.1:4516
2026-09-20 11:43:09 Info  SessionServer<AuthServer::ClientSession>: Stopping server auth.clients
2026-09-20 11:43:09 Info  SessionServer<AuthServer::BillingInterface>: Stopping server auth.billing
2026-09-20 11:43:09 Info  SessionServer<AuthServer::GameServerSession>: Stopping server auth.gameserver
2026-09-20 11:43:09 Info  SessionServer<UploadServer::GameServerSession>: Stopping server upload.gameserver
2026-09-20 11:43:09 Info  SessionServer<UploadServer::ClientSession>: Stopping server upload.clients
2026-09-20 11:43:09 Info  SessionServer<UploadServer::IconServerSession>: Stopping server upload.iconserver
2026-09-20 11:43:09 Info  SessionServer<AdminServer::AdminInterface>: Stopping server admin.telnet
2026-09-20 11:43:09 Info  Log0: Log thread stopped
2026-09-20 11:43:36 Info  Log0: Log thread started using filename auth.log
2026-09-20 11:43:36 Debug Log1: Using file log level Debug
2026-09-20 11:43:36 Debug Log1: Using console log level FATAL
2026-09-20 11:43:36 Info  ConfigInfo0: Config dump:
2026-09-20 11:43:36 Info  ConfigInfo0: N*admin.dump_mode:0
2026-09-20 11:43:36 Info  ConfigInfo0: B*admin.telnet.autostart:true
2026-09-20 11:43:36 Info  ConfigInfo0: N*admin.telnet.idletimeout:0
2026-09-20 11:43:36 Info  ConfigInfo0: S*admin.telnet.ip:127.0.0.1
2026-09-20 11:43:36 Info  ConfigInfo0: N*admin.telnet.port:4501
2026-09-20 11:43:36 Info  ConfigInfo0: B*auth.billing.autostart:true
2026-09-20 11:43:36 Info  ConfigInfo0: N*auth.billing.idletimeout:0
2026-09-20 11:43:36 Info  ConfigInfo0: S*auth.billing.ip:127.0.0.1
2026-09-20 11:43:36 Info  ConfigInfo0: N*auth.billing.port:4503
2026-09-20 11:43:36 Info  ConfigInfo0: B*auth.clients.autostart:true
2026-09-20 11:43:36 Info  ConfigInfo0: S*auth.clients.des_key:MERONG
2026-09-20 11:43:36 Info  ConfigInfo0: N*auth.clients.idletimeout:301
2026-09-20 11:43:36 Info  ConfigInfo0: S auth.clients.ip:0.0.0.0
2026-09-20 11:43:36 Info  ConfigInfo0: N auth.clients.maxpublicserveridx:5
2026-09-20 11:43:36 Info  ConfigInfo0: N auth.clients.port:4615
2026-09-20 11:43:36 Info  ConfigInfo0: B*auth.clients.restrictchars:true
2026-09-20 11:43:36 Info  ConfigInfo0: S auth.db.account:<hidden>
2026-09-20 11:43:36 Info  ConfigInfo0: S*auth.db.connectionstring:<hidden>
2026-09-20 11:43:36 Info  ConfigInfo0: S*auth.db.cryptedconnectionstring:<hidden>
2026-09-20 11:43:36 Info  ConfigInfo0: S auth.db.cryptedpassword:<hidden>
2026-09-20 11:43:36 Info  ConfigInfo0: S*auth.db.driver:SQL Server
2026-09-20 11:43:36 Info  ConfigInfo0: B*auth.db.ignoreinitcheck:true
2026-09-20 11:43:36 Info  ConfigInfo0: S auth.db.name:AuthKitekat
2026-09-20 11:43:36 Info  ConfigInfo0: S*auth.db.password:<hidden>
2026-09-20 11:43:36 Info  ConfigInfo0: N auth.db.port:1433
2026-09-20 11:43:36 Info  ConfigInfo0: S auth.db.salt:kitekatsalt
2026-09-20 11:43:36 Info  ConfigInfo0: S auth.db.server:127.0.0.1
2026-09-20 11:43:36 Info  ConfigInfo0: B*auth.gameserver.autostart:true
2026-09-20 11:43:36 Info  ConfigInfo0: N*auth.gameserver.idletimeout:0
2026-09-20 11:43:36 Info  ConfigInfo0: S auth.gameserver.ip:127.0.0.1
2026-09-20 11:43:36 Info  ConfigInfo0: N*auth.gameserver.maxplayers:400
2026-09-20 11:43:36 Info  ConfigInfo0: N auth.gameserver.port:4502
2026-09-20 11:43:36 Info  ConfigInfo0: B*auth.gameserver.strictkick:true
2026-09-20 11:43:36 Info  ConfigInfo0: S*auth.securityno.salt:kitekatsalt
2026-09-20 11:43:36 Info  ConfigInfo0: S*ban.ipfile:D:\Utilisateurs\Sn00py\Bureau\KitekatRepack\Auth_bin/bannedip.txt
2026-09-20 11:43:36 Info  ConfigInfo0: S*configfile:D:\Utilisateurs\Sn00py\Bureau\KitekatRepack\Auth_bin/auth.opt
2026-09-20 11:43:36 Info  ConfigInfo0: S*core.appname:rzauth
2026-09-20 11:43:36 Info  ConfigInfo0: S core.log.consolelevel:info
2026-09-20 11:43:36 Info  ConfigInfo0: S*core.log.dir:D:\Utilisateurs\Sn00py\Bureau\KitekatRepack\Auth_bin/log
2026-09-20 11:43:36 Info  ConfigInfo0: B*core.log.enable:true
2026-09-20 11:43:36 Info  ConfigInfo0: S*core.log.file:auth.log
2026-09-20 11:43:36 Info  ConfigInfo0: S core.log.level:debug
2026-09-20 11:43:36 Info  ConfigInfo0: N*core.log.maxqueuesize:10000
2026-09-20 11:43:36 Info  ConfigInfo0: B*core.usetcpnodelay:false
2026-09-20 11:43:36 Info  ConfigInfo0: S*core.version:Git rev 405bfa0d5a643590e0ca61550c5acabbe29013e0-dirty build on 2015-08-19T13:05:34Z
2026-09-20 11:43:36 Info  ConfigInfo0: S*global.version:Git rev e72cbdb71207379379fb36444327466602390933-dirty build on 2015-08-19T13:06:12Z
2026-09-20 11:43:36 Info  ConfigInfo0: B*logclient.enable:true
2026-09-20 11:43:36 Info  ConfigInfo0: S*logclient.ip:127.0.0.1
2026-09-20 11:43:36 Info  ConfigInfo0: N*logclient.port:4516
2026-09-20 11:43:36 Info  ConfigInfo0: S*sql.db_account.column.accountid:account_id
2026-09-20 11:43:36 Info  ConfigInfo0: S*sql.db_account.column.age:age
2026-09-20 11:43:36 Info  ConfigInfo0: S*sql.db_account.column.authok:auth_ok
2026-09-20 11:43:36 Info  ConfigInfo0: S*sql.db_account.column.block:block
2026-09-20 11:43:36 Info  ConfigInfo0: S*sql.db_account.column.eventcode:event_code
2026-09-20 11:43:36 Info  ConfigInfo0: S*sql.db_account.column.lastserveridx:last_login_server_idx
2026-09-20 11:43:36 Info  ConfigInfo0: S*sql.db_account.column.password:password
2026-09-20 11:43:36 Info  ConfigInfo0: S*sql.db_account.column.pcbang:pcbang
2026-09-20 11:43:36 Info  ConfigInfo0: S*sql.db_account.column.serveridxoffset:server_idx_offset
2026-09-20 11:43:36 Info  ConfigInfo0: B*sql.db_account.enable:true
2026-09-20 11:43:36 Info  ConfigInfo0: N*sql.db_account.param.account:1
2026-09-20 11:43:36 Info  ConfigInfo0: N*sql.db_account.param.ip:-1
2026-09-20 11:43:36 Info  ConfigInfo0: N*sql.db_account.param.password:2
2026-09-20 11:43:36 Info  ConfigInfo0: S sql.db_account.query:SELECT * FROM Account WITH(NOLOCK) WHERE account = ? AND password = ?;
2026-09-20 11:43:36 Info  ConfigInfo0: B*sql.db_securitynocheck.enable:true
2026-09-20 11:43:36 Info  ConfigInfo0: N*sql.db_securitynocheck.param.account:1
2026-09-20 11:43:36 Info  ConfigInfo0: N*sql.db_securitynocheck.param.securityno:2
2026-09-20 11:43:36 Info  ConfigInfo0: S*sql.db_securitynocheck.query:SELECT account FROM account WHERE account = ? AND password = ?
2026-09-20 11:43:36 Info  ConfigInfo0: B*sql.db_updatelastserveridx.enable:true
2026-09-20 11:43:36 Info  ConfigInfo0: N*sql.db_updatelastserveridx.param.accountid:2
2026-09-20 11:43:36 Info  ConfigInfo0: N*sql.db_updatelastserveridx.param.serveridx:1
2026-09-20 11:43:36 Info  ConfigInfo0: S*sql.db_updatelastserveridx.query:UPDATE account SET last_login_server_idx = ? WHERE account_id = ?;
2026-09-20 11:43:36 Info  ConfigInfo0: N stats.connections:0
2026-09-20 11:43:36 Info  ConfigInfo0: N stats.disconnections:0
2026-09-20 11:43:36 Info  ConfigInfo0: S*trafficdump.consolelevel:fatal
2026-09-20 11:43:36 Info  ConfigInfo0: S*trafficdump.dir:D:\Utilisateurs\Sn00py\Bureau\KitekatRepack\Auth_bin/traffic_log
2026-09-20 11:43:36 Info  ConfigInfo0: B*trafficdump.enable:false
2026-09-20 11:43:36 Info  ConfigInfo0: S*trafficdump.file:auth.log
2026-09-20 11:43:36 Info  ConfigInfo0: S*trafficdump.level:debug
2026-09-20 11:43:36 Info  ConfigInfo0: B*upload.clients.autostart:true
2026-09-20 11:43:36 Info  ConfigInfo0: N*upload.clients.idletimeout:61
2026-09-20 11:43:36 Info  ConfigInfo0: S upload.clients.ip:0.0.0.0
2026-09-20 11:43:36 Info  ConfigInfo0: N upload.clients.port:4617
2026-09-20 11:43:36 Info  ConfigInfo0: S upload.dir:C:\inetpub\wwwroot\gicon
2026-09-20 11:43:36 Info  ConfigInfo0: B*upload.gameserver.autostart:true
2026-09-20 11:43:36 Info  ConfigInfo0: N*upload.gameserver.idletimeout:0
2026-09-20 11:43:36 Info  ConfigInfo0: S upload.gameserver.ip:127.0.0.1
2026-09-20 11:43:36 Info  ConfigInfo0: N upload.gameserver.port:4616
2026-09-20 11:43:36 Info  ConfigInfo0: B*upload.iconserver.autostart:true
2026-09-20 11:43:36 Info  ConfigInfo0: N*upload.iconserver.idletimeout:31
2026-09-20 11:43:36 Info  ConfigInfo0: S upload.iconserver.ip:0.0.0.0
2026-09-20 11:43:36 Info  ConfigInfo0: N upload.iconserver.port:5000
2026-09-20 11:43:36 Info  DbConnectionPool0: Checking connection to database
2026-09-20 11:43:36 Debug DbConnectionPool0: Connecting to database
2026-09-20 11:43:36 Info  ODBC: SQLDriverConnect: additional info:
2026-09-20 11:43:36 Info  ODBC: 01000:1:5701:[Microsoft][ODBC SQL Server Driver][SQL Server]Changed database context to 'AuthKitekat'.
2026-09-20 11:43:36 Info  ODBC: 01000:2:5703:[Microsoft][ODBC SQL Server Driver][SQL Server]Changed language setting to us_english.
2026-09-20 11:43:36 Info  DbConnectionPool0: Connection ok
2026-09-20 11:43:36 Info  SessionServer<AuthServer::ClientSession>: Starting server auth.clients on 0.0.0.0:4615
2026-09-20 11:43:36 Debug BanManager0: No ban ip file: "D:\Utilisateurs\Sn00py\Bureau\KitekatRepack\Auth_bin/bannedip.txt"
2026-09-20 11:43:36 Info  SessionServer<AuthServer::BillingInterface>: Starting server auth.billing on 127.0.0.1:4503
2026-09-20 11:43:36 Info  SessionServer<AuthServer::GameServerSession>: Starting server auth.gameserver on 127.0.0.1:4502
2026-09-20 11:43:36 Info  SessionServer<UploadServer::GameServerSession>: Starting server upload.gameserver on 127.0.0.1:4616
2026-09-20 11:43:36 Info  SessionServer<UploadServer::ClientSession>: Starting server upload.clients on 0.0.0.0:4617
2026-09-20 11:43:36 Debug BanManager0: No ban ip file: "D:\Utilisateurs\Sn00py\Bureau\KitekatRepack\Auth_bin/bannedip.txt"
2026-09-20 11:43:36 Info  SessionServer<UploadServer::IconServerSession>: Starting server upload.iconserver on 0.0.0.0:5000
2026-09-20 11:43:36 Debug BanManager0: No ban ip file: "D:\Utilisateurs\Sn00py\Bureau\KitekatRepack\Auth_bin/bannedip.txt"
2026-09-20 11:43:36 Info  SessionServer<AdminServer::AdminInterface>: Starting server admin.telnet on 127.0.0.1:4501
2026-09-20 11:43:38 ERROR Socket[:0 <> 127.0.0.1:4516]: onConnected: connection refused
2026-09-20 11:43:38 Info  SocketSession0: Disconnected from Log server 127.0.0.1:4516
2026-09-20 12:06:05 Info  AuthServer::GameServerSession0: Server Login: KitekatServer[3] at 127.0.0.1:44391
2026-09-20 12:06:05 Debug AuthServer::GameServerSession0: Success
2026-09-20 12:06:05 Debug AuthServer::GameServerSession0: Set game data to GameData[KitekatServer]
2026-09-20 12:38:49 Debug AuthServer::ClientSession0: Unknown packet ID: 9999, size: 8
2026-09-20 12:38:49 Debug AuthServer::ClientSession0: Unknown packet ID: 9999, size: 11
2026-09-20 12:38:50 Debug AuthServer::ClientSession0: Login request for account Admin
2026-09-20 12:38:50 Debug AuthServer::ClientSession0: Unknown packet ID: 9999, size: 11
2026-09-20 12:38:50 Debug AuthServer::DB_Account0: Client login using AES
2026-09-20 12:38:50 Debug DbConnectionPool0: Connecting to database
2026-09-20 12:38:50 Info  ODBC: SQLDriverConnect: additional info:
2026-09-20 12:38:50 Info  ODBC: 01000:1:5701:[Microsoft][ODBC SQL Server Driver][SQL Server]Changed database context to 'AuthKitekat'.
2026-09-20 12:38:50 Info  ODBC: 01000:2:5703:[Microsoft][ODBC SQL Server Driver][SQL Server]Changed language setting to us_english.
2026-09-20 12:38:50 Debug DbConnection1: Cached DB query: SELECT * FROM Account WITH(NOLOCK) WHERE account = ? AND password = ?;
2026-09-20 12:38:56 Debug DbConnectionPool0: Connecting to database
2026-09-20 12:38:56 Debug AuthServer::GameServerSession0: Client Admin now on gameserver
2026-09-20 12:38:56 Info  ODBC: SQLDriverConnect: additional info:
2026-09-20 12:38:56 Info  ODBC: 01000:1:5701:[Microsoft][ODBC SQL Server Driver][SQL Server]Changed database context to 'AuthKitekat'.
2026-09-20 12:38:56 Info  ODBC: 01000:2:5703:[Microsoft][ODBC SQL Server Driver][SQL Server]Changed language setting to us_english.
2026-09-20 12:38:56 Debug DbConnection2: Cached DB query: UPDATE account SET last_login_server_idx = ? WHERE account_id = ?;
2026-09-20 15:55:40 Debug AuthServer::GameServerSession0: Client admin has been disconnected from gameserver
2026-09-20 15:56:14 Info  AuthServer::GameServerSession0: Server 3 Logout
2026-09-20 15:56:38 Info  AuthServer::GameServerSession1: Server Login: KitekatServer[3] at 127.0.0.1:44391
2026-09-20 15:56:38 Debug AuthServer::GameServerSession1: Success
2026-09-20 15:56:38 Debug AuthServer::GameServerSession1: Set game data to GameData[KitekatServer]
2026-09-20 15:58:16 Debug AuthServer::ClientSession1: Unknown packet ID: 9999, size: 8
2026-09-20 15:58:16 Debug AuthServer::ClientSession1: Unknown packet ID: 9999, size: 11
2026-09-20 15:58:17 Debug AuthServer::ClientSession1: Login request for account Admin
2026-09-20 15:58:17 Debug AuthServer::ClientSession1: Unknown packet ID: 9999, size: 11
2026-09-20 15:58:17 Debug AuthServer::DB_Account1: Client login using AES
2026-09-20 15:58:19 Debug AuthServer::GameServerSession1: Client Admin now on gameserver
2026-09-20 17:05:43 Debug AuthServer::GameServerSession1: Client admin has been disconnected from gameserver
2026-09-20 19:04:09 Info  Log0: Log thread started using filename auth.log
2026-09-20 19:04:09 Debug Log1: Using file log level Debug
2026-09-20 19:04:09 Debug Log1: Using console log level FATAL
2026-09-20 19:04:09 Info  ConfigInfo0: Config dump:
2026-09-20 19:04:09 Info  ConfigInfo0: N*admin.dump_mode:0
2026-09-20 19:04:09 Info  ConfigInfo0: B*admin.telnet.autostart:true
2026-09-20 19:04:09 Info  ConfigInfo0: N*admin.telnet.idletimeout:0
2026-09-20 19:04:09 Info  ConfigInfo0: S*admin.telnet.ip:127.0.0.1
2026-09-20 19:04:09 Info  ConfigInfo0: N*admin.telnet.port:4501
2026-09-20 19:04:09 Info  ConfigInfo0: B*auth.billing.autostart:true
2026-09-20 19:04:09 Info  ConfigInfo0: N*auth.billing.idletimeout:0
2026-09-20 19:04:09 Info  ConfigInfo0: S*auth.billing.ip:127.0.0.1
2026-09-20 19:04:09 Info  ConfigInfo0: N*auth.billing.port:4503
2026-09-20 19:04:09 Info  ConfigInfo0: B*auth.clients.autostart:true
2026-09-20 19:04:09 Info  ConfigInfo0: S*auth.clients.des_key:MERONG
2026-09-20 19:04:09 Info  ConfigInfo0: N*auth.clients.idletimeout:301
2026-09-20 19:04:09 Info  ConfigInfo0: S auth.clients.ip:0.0.0.0
2026-09-20 19:04:09 Info  ConfigInfo0: N auth.clients.maxpublicserveridx:5
2026-09-20 19:04:09 Info  ConfigInfo0: N auth.clients.port:4615
2026-09-20 19:04:09 Info  ConfigInfo0: B*auth.clients.restrictchars:true
2026-09-20 19:04:09 Info  ConfigInfo0: S auth.db.account:<hidden>
2026-09-20 19:04:09 Info  ConfigInfo0: S*auth.db.connectionstring:<hidden>
2026-09-20 19:04:09 Info  ConfigInfo0: S*auth.db.cryptedconnectionstring:<hidden>
2026-09-20 19:04:09 Info  ConfigInfo0: S auth.db.cryptedpassword:<hidden>
2026-09-20 19:04:09 Info  ConfigInfo0: S*auth.db.driver:SQL Server
2026-09-20 19:04:09 Info  ConfigInfo0: B*auth.db.ignoreinitcheck:true
2026-09-20 19:04:09 Info  ConfigInfo0: S auth.db.name:AuthKitekat
2026-09-20 19:04:09 Info  ConfigInfo0: S*auth.db.password:<hidden>
2026-09-20 19:04:09 Info  ConfigInfo0: N auth.db.port:1433
2026-09-20 19:04:09 Info  ConfigInfo0: S auth.db.salt:kitekatsalt
2026-09-20 19:04:09 Info  ConfigInfo0: S auth.db.server:127.0.0.1
2026-09-20 19:04:09 Info  ConfigInfo0: B*auth.gameserver.autostart:true
2026-09-20 19:04:09 Info  ConfigInfo0: N*auth.gameserver.idletimeout:0
2026-09-20 19:04:09 Info  ConfigInfo0: S auth.gameserver.ip:127.0.0.1
2026-09-20 19:04:09 Info  ConfigInfo0: N*auth.gameserver.maxplayers:400
2026-09-20 19:04:09 Info  ConfigInfo0: N auth.gameserver.port:4502
2026-09-20 19:04:09 Info  ConfigInfo0: B*auth.gameserver.strictkick:true
2026-09-20 19:04:09 Info  ConfigInfo0: S*auth.securityno.salt:kitekatsalt
2026-09-20 19:04:09 Info  ConfigInfo0: S*ban.ipfile:D:\Utilisateurs\Sn00py\Bureau\KitekatRepack\Auth_bin/bannedip.txt
2026-09-20 19:04:09 Info  ConfigInfo0: S*configfile:D:\Utilisateurs\Sn00py\Bureau\KitekatRepack\Auth_bin/auth.opt
2026-09-20 19:04:09 Info  ConfigInfo0: S*core.appname:rzauth
2026-09-20 19:04:09 Info  ConfigInfo0: S core.log.consolelevel:info
2026-09-20 19:04:09 Info  ConfigInfo0: S*core.log.dir:D:\Utilisateurs\Sn00py\Bureau\KitekatRepack\Auth_bin/log
2026-09-20 19:04:09 Info  ConfigInfo0: B*core.log.enable:true
2026-09-20 19:04:09 Info  ConfigInfo0: S*core.log.file:auth.log
2026-09-20 19:04:09 Info  ConfigInfo0: S core.log.level:debug
2026-09-20 19:04:09 Info  ConfigInfo0: N*core.log.maxqueuesize:10000
2026-09-20 19:04:09 Info  ConfigInfo0: B*core.usetcpnodelay:false
2026-09-20 19:04:09 Info  ConfigInfo0: S*core.version:Git rev 405bfa0d5a643590e0ca61550c5acabbe29013e0-dirty build on 2015-08-19T13:05:34Z
2026-09-20 19:04:09 Info  ConfigInfo0: S*global.version:Git rev e72cbdb71207379379fb36444327466602390933-dirty build on 2015-08-19T13:06:12Z
2026-09-20 19:04:09 Info  ConfigInfo0: B*logclient.enable:true
2026-09-20 19:04:09 Info  ConfigInfo0: S*logclient.ip:127.0.0.1
2026-09-20 19:04:09 Info  ConfigInfo0: N*logclient.port:4516
2026-09-20 19:04:09 Info  ConfigInfo0: S*sql.db_account.column.accountid:account_id
2026-09-20 19:04:09 Info  ConfigInfo0: S*sql.db_account.column.age:age
2026-09-20 19:04:09 Info  ConfigInfo0: S*sql.db_account.column.authok:auth_ok
2026-09-20 19:04:09 Info  ConfigInfo0: S*sql.db_account.column.block:block
2026-09-20 19:04:09 Info  ConfigInfo0: S*sql.db_account.column.eventcode:event_code
2026-09-20 19:04:09 Info  ConfigInfo0: S*sql.db_account.column.lastserveridx:last_login_server_idx
2026-09-20 19:04:09 Info  ConfigInfo0: S*sql.db_account.column.password:password
2026-09-20 19:04:09 Info  ConfigInfo0: S*sql.db_account.column.pcbang:pcbang
2026-09-20 19:04:09 Info  ConfigInfo0: S*sql.db_account.column.serveridxoffset:server_idx_offset
2026-09-20 19:04:09 Info  ConfigInfo0: B*sql.db_account.enable:true
2026-09-20 19:04:09 Info  ConfigInfo0: N*sql.db_account.param.account:1
2026-09-20 19:04:09 Info  ConfigInfo0: N*sql.db_account.param.ip:-1
2026-09-20 19:04:09 Info  ConfigInfo0: N*sql.db_account.param.password:2
2026-09-20 19:04:09 Info  ConfigInfo0: S sql.db_account.query:SELECT * FROM Account WITH(NOLOCK) WHERE account = ? AND password = ?;
2026-09-20 19:04:09 Info  ConfigInfo0: B*sql.db_securitynocheck.enable:true
2026-09-20 19:04:09 Info  ConfigInfo0: N*sql.db_securitynocheck.param.account:1
2026-09-20 19:04:09 Info  ConfigInfo0: N*sql.db_securitynocheck.param.securityno:2
2026-09-20 19:04:09 Info  ConfigInfo0: S*sql.db_securitynocheck.query:SELECT account FROM account WHERE account = ? AND password = ?
2026-09-20 19:04:09 Info  ConfigInfo0: B*sql.db_updatelastserveridx.enable:true
2026-09-20 19:04:09 Info  ConfigInfo0: N*sql.db_updatelastserveridx.param.accountid:2
2026-09-20 19:04:09 Info  ConfigInfo0: N*sql.db_updatelastserveridx.param.serveridx:1
2026-09-20 19:04:09 Info  ConfigInfo0: S*sql.db_updatelastserveridx.query:UPDATE account SET last_login_server_idx = ? WHERE account_id = ?;
2026-09-20 19:04:09 Info  ConfigInfo0: N stats.connections:0
2026-09-20 19:04:09 Info  ConfigInfo0: N stats.disconnections:0
2026-09-20 19:04:09 Info  ConfigInfo0: S*trafficdump.consolelevel:fatal
2026-09-20 19:04:09 Info  ConfigInfo0: S*trafficdump.dir:D:\Utilisateurs\Sn00py\Bureau\KitekatRepack\Auth_bin/traffic_log
2026-09-20 19:04:09 Info  ConfigInfo0: B*trafficdump.enable:false
2026-09-20 19:04:09 Info  ConfigInfo0: S*trafficdump.file:auth.log
2026-09-20 19:04:09 Info  ConfigInfo0: S*trafficdump.level:debug
2026-09-20 19:04:09 Info  ConfigInfo0: B*upload.clients.autostart:true
2026-09-20 19:04:09 Info  ConfigInfo0: N*upload.clients.idletimeout:61
2026-09-20 19:04:09 Info  ConfigInfo0: S upload.clients.ip:0.0.0.0
2026-09-20 19:04:09 Info  ConfigInfo0: N upload.clients.port:4617
2026-09-20 19:04:09 Info  ConfigInfo0: S upload.dir:C:\inetpub\wwwroot\gicon
2026-09-20 19:04:09 Info  ConfigInfo0: B*upload.gameserver.autostart:true
2026-09-20 19:04:09 Info  ConfigInfo0: N*upload.gameserver.idletimeout:0
2026-09-20 19:04:09 Info  ConfigInfo0: S upload.gameserver.ip:127.0.0.1
2026-09-20 19:04:09 Info  ConfigInfo0: N upload.gameserver.port:4616
2026-09-20 19:04:09 Info  ConfigInfo0: B*upload.iconserver.autostart:true
2026-09-20 19:04:09 Info  ConfigInfo0: N*upload.iconserver.idletimeout:31
2026-09-20 19:04:09 Info  ConfigInfo0: S upload.iconserver.ip:0.0.0.0
2026-09-20 19:04:09 Info  ConfigInfo0: N upload.iconserver.port:5000
2026-09-20 19:04:09 Info  DbConnectionPool0: Checking connection to database
2026-09-20 19:04:09 Debug DbConnectionPool0: Connecting to database
2026-09-20 19:04:09 Info  ODBC: SQLDriverConnect: additional info:
2026-09-20 19:04:09 Info  ODBC: 01000:1:5701:[Microsoft][ODBC SQL Server Driver][SQL Server]Changed database context to 'AuthKitekat'.
2026-09-20 19:04:09 Info  ODBC: 01000:2:5703:[Microsoft][ODBC SQL Server Driver][SQL Server]Changed language setting to us_english.
2026-09-20 19:04:09 Info  DbConnectionPool0: Connection ok
2026-09-20 19:04:09 Info  SessionServer<AuthServer::ClientSession>: Starting server auth.clients on 0.0.0.0:4615
2026-09-20 19:04:09 Debug BanManager0: No ban ip file: "D:\Utilisateurs\Sn00py\Bureau\KitekatRepack\Auth_bin/bannedip.txt"
2026-09-20 19:04:09 Info  SessionServer<AuthServer::BillingInterface>: Starting server auth.billing on 127.0.0.1:4503
2026-09-20 19:04:09 Info  SessionServer<AuthServer::GameServerSession>: Starting server auth.gameserver on 127.0.0.1:4502
2026-09-20 19:04:09 Info  SessionServer<UploadServer::GameServerSession>: Starting server upload.gameserver on 127.0.0.1:4616
2026-09-20 19:04:09 Info  SessionServer<UploadServer::ClientSession>: Starting server upload.clients on 0.0.0.0:4617
2026-09-20 19:04:09 Debug BanManager0: No ban ip file: "D:\Utilisateurs\Sn00py\Bureau\KitekatRepack\Auth_bin/bannedip.txt"
2026-09-20 19:04:09 Info  SessionServer<UploadServer::IconServerSession>: Starting server upload.iconserver on 0.0.0.0:5000
2026-09-20 19:04:09 Debug BanManager0: No ban ip file: "D:\Utilisateurs\Sn00py\Bureau\KitekatRepack\Auth_bin/bannedip.txt"
2026-09-20 19:04:09 Info  SessionServer<AdminServer::AdminInterface>: Starting server admin.telnet on 127.0.0.1:4501
2026-09-20 19:04:11 ERROR Socket[:0 <> 127.0.0.1:4516]: onConnected: connection refused
2026-09-20 19:04:11 Info  SocketSession0: Disconnected from Log server 127.0.0.1:4516
2026-09-20 19:05:16 Info  Log0: Log thread started using filename auth.log
2026-09-20 19:05:16 Debug Log1: Using file log level Debug
2026-09-20 19:05:16 Debug Log1: Using console log level FATAL
2026-09-20 19:05:16 Info  ConfigInfo0: Config dump:
2026-09-20 19:05:16 Info  ConfigInfo0: N*admin.dump_mode:0
2026-09-20 19:05:16 Info  ConfigInfo0: B*admin.telnet.autostart:true
2026-09-20 19:05:16 Info  ConfigInfo0: N*admin.telnet.idletimeout:0
2026-09-20 19:05:16 Info  ConfigInfo0: S*admin.telnet.ip:127.0.0.1
2026-09-20 19:05:16 Info  ConfigInfo0: N*admin.telnet.port:4501
2026-09-20 19:05:16 Info  ConfigInfo0: B*auth.billing.autostart:true
2026-09-20 19:05:16 Info  ConfigInfo0: N*auth.billing.idletimeout:0
2026-09-20 19:05:16 Info  ConfigInfo0: S*auth.billing.ip:127.0.0.1
2026-09-20 19:05:16 Info  ConfigInfo0: N*auth.billing.port:4503
2026-09-20 19:05:16 Info  ConfigInfo0: B*auth.clients.autostart:true
2026-09-20 19:05:16 Info  ConfigInfo0: S*auth.clients.des_key:MERONG
2026-09-20 19:05:16 Info  ConfigInfo0: N*auth.clients.idletimeout:301
2026-09-20 19:05:16 Info  ConfigInfo0: S auth.clients.ip:0.0.0.0
2026-09-20 19:05:16 Info  ConfigInfo0: N auth.clients.maxpublicserveridx:5
2026-09-20 19:05:16 Info  ConfigInfo0: N auth.clients.port:4615
2026-09-20 19:05:16 Info  ConfigInfo0: B*auth.clients.restrictchars:true
2026-09-20 19:05:16 Info  ConfigInfo0: S auth.db.account:<hidden>
2026-09-20 19:05:16 Info  ConfigInfo0: S*auth.db.connectionstring:<hidden>
2026-09-20 19:05:16 Info  ConfigInfo0: S*auth.db.cryptedconnectionstring:<hidden>
2026-09-20 19:05:16 Info  ConfigInfo0: S auth.db.cryptedpassword:<hidden>
2026-09-20 19:05:16 Info  ConfigInfo0: S*auth.db.driver:SQL Server
2026-09-20 19:05:16 Info  ConfigInfo0: B*auth.db.ignoreinitcheck:true
2026-09-20 19:05:16 Info  ConfigInfo0: S auth.db.name:AuthKitekat
2026-09-20 19:05:16 Info  ConfigInfo0: S*auth.db.password:<hidden>
2026-09-20 19:05:16 Info  ConfigInfo0: N auth.db.port:1433
2026-09-20 19:05:16 Info  ConfigInfo0: S auth.db.salt:kitekatsalt
2026-09-20 19:05:16 Info  ConfigInfo0: S auth.db.server:127.0.0.1
2026-09-20 19:05:16 Info  ConfigInfo0: B*auth.gameserver.autostart:true
2026-09-20 19:05:16 Info  ConfigInfo0: N*auth.gameserver.idletimeout:0
2026-09-20 19:05:16 Info  ConfigInfo0: S auth.gameserver.ip:127.0.0.1
2026-09-20 19:05:16 Info  ConfigInfo0: N*auth.gameserver.maxplayers:400
2026-09-20 19:05:16 Info  ConfigInfo0: N auth.gameserver.port:4502
2026-09-20 19:05:16 Info  ConfigInfo0: B*auth.gameserver.strictkick:true
2026-09-20 19:05:16 Info  ConfigInfo0: S*auth.securityno.salt:kitekatsalt
2026-09-20 19:05:16 Info  ConfigInfo0: S*ban.ipfile:D:\Utilisateurs\Sn00py\Bureau\KitekatRepack\Auth_bin/bannedip.txt
2026-09-20 19:05:16 Info  ConfigInfo0: S*configfile:D:\Utilisateurs\Sn00py\Bureau\KitekatRepack\Auth_bin/auth.opt
2026-09-20 19:05:16 Info  ConfigInfo0: S*core.appname:rzauth
2026-09-20 19:05:16 Info  ConfigInfo0: S core.log.consolelevel:info
2026-09-20 19:05:16 Info  ConfigInfo0: S*core.log.dir:D:\Utilisateurs\Sn00py\Bureau\KitekatRepack\Auth_bin/log
2026-09-20 19:05:16 Info  ConfigInfo0: B*core.log.enable:true
2026-09-20 19:05:16 Info  ConfigInfo0: S*core.log.file:auth.log
2026-09-20 19:05:16 Info  ConfigInfo0: S core.log.level:debug
2026-09-20 19:05:16 Info  ConfigInfo0: N*core.log.maxqueuesize:10000
2026-09-20 19:05:16 Info  ConfigInfo0: B*core.usetcpnodelay:false
2026-09-20 19:05:16 Info  ConfigInfo0: S*core.version:Git rev 405bfa0d5a643590e0ca61550c5acabbe29013e0-dirty build on 2015-08-19T13:05:34Z
2026-09-20 19:05:16 Info  ConfigInfo0: S*global.version:Git rev e72cbdb71207379379fb36444327466602390933-dirty build on 2015-08-19T13:06:12Z
2026-09-20 19:05:16 Info  ConfigInfo0: B*logclient.enable:true
2026-09-20 19:05:16 Info  ConfigInfo0: S*logclient.ip:127.0.0.1
2026-09-20 19:05:16 Info  ConfigInfo0: N*logclient.port:4516
2026-09-20 19:05:16 Info  ConfigInfo0: S*sql.db_account.column.accountid:account_id
2026-09-20 19:05:16 Info  ConfigInfo0: S*sql.db_account.column.age:age
2026-09-20 19:05:16 Info  ConfigInfo0: S*sql.db_account.column.authok:auth_ok
2026-09-20 19:05:16 Info  ConfigInfo0: S*sql.db_account.column.block:block
2026-09-20 19:05:16 Info  ConfigInfo0: S*sql.db_account.column.eventcode:event_code
2026-09-20 19:05:16 Info  ConfigInfo0: S*sql.db_account.column.lastserveridx:last_login_server_idx
2026-09-20 19:05:16 Info  ConfigInfo0: S*sql.db_account.column.password:password
2026-09-20 19:05:16 Info  ConfigInfo0: S*sql.db_account.column.pcbang:pcbang
2026-09-20 19:05:16 Info  ConfigInfo0: S*sql.db_account.column.serveridxoffset:server_idx_offset
2026-09-20 19:05:16 Info  ConfigInfo0: B*sql.db_account.enable:true
2026-09-20 19:05:16 Info  ConfigInfo0: N*sql.db_account.param.account:1
2026-09-20 19:05:16 Info  ConfigInfo0: N*sql.db_account.param.ip:-1
2026-09-20 19:05:16 Info  ConfigInfo0: N*sql.db_account.param.password:2
2026-09-20 19:05:16 Info  ConfigInfo0: S sql.db_account.query:SELECT * FROM Account WITH(NOLOCK) WHERE account = ? AND password = ?;
2026-09-20 19:05:16 Info  ConfigInfo0: B*sql.db_securitynocheck.enable:true
2026-09-20 19:05:16 Info  ConfigInfo0: N*sql.db_securitynocheck.param.account:1
2026-09-20 19:05:16 Info  ConfigInfo0: N*sql.db_securitynocheck.param.securityno:2
2026-09-20 19:05:16 Info  ConfigInfo0: S*sql.db_securitynocheck.query:SELECT account FROM account WHERE account = ? AND password = ?
2026-09-20 19:05:16 Info  ConfigInfo0: B*sql.db_updatelastserveridx.enable:true
2026-09-20 19:05:16 Info  ConfigInfo0: N*sql.db_updatelastserveridx.param.accountid:2
2026-09-20 19:05:16 Info  ConfigInfo0: N*sql.db_updatelastserveridx.param.serveridx:1
2026-09-20 19:05:16 Info  ConfigInfo0: S*sql.db_updatelastserveridx.query:UPDATE account SET last_login_server_idx = ? WHERE account_id = ?;
2026-09-20 19:05:16 Info  ConfigInfo0: N stats.connections:0
2026-09-20 19:05:16 Info  ConfigInfo0: N stats.disconnections:0
2026-09-20 19:05:16 Info  ConfigInfo0: S*trafficdump.consolelevel:fatal
2026-09-20 19:05:16 Info  ConfigInfo0: S*trafficdump.dir:D:\Utilisateurs\Sn00py\Bureau\KitekatRepack\Auth_bin/traffic_log
2026-09-20 19:05:16 Info  ConfigInfo0: B*trafficdump.enable:false
2026-09-20 19:05:16 Info  ConfigInfo0: S*trafficdump.file:auth.log
2026-09-20 19:05:16 Info  ConfigInfo0: S*trafficdump.level:debug
2026-09-20 19:05:16 Info  ConfigInfo0: B*upload.clients.autostart:true
2026-09-20 19:05:16 Info  ConfigInfo0: N*upload.clients.idletimeout:61
2026-09-20 19:05:16 Info  ConfigInfo0: S upload.clients.ip:0.0.0.0
2026-09-20 19:05:16 Info  ConfigInfo0: N upload.clients.port:4617
2026-09-20 19:05:16 Info  ConfigInfo0: S upload.dir:C:\inetpub\wwwroot\gicon
2026-09-20 19:05:16 Info  ConfigInfo0: B*upload.gameserver.autostart:true
2026-09-20 19:05:16 Info  ConfigInfo0: N*upload.gameserver.idletimeout:0
2026-09-20 19:05:16 Info  ConfigInfo0: S upload.gameserver.ip:127.0.0.1
2026-09-20 19:05:16 Info  ConfigInfo0: N upload.gameserver.port:4616
2026-09-20 19:05:16 Info  ConfigInfo0: B*upload.iconserver.autostart:true
2026-09-20 19:05:16 Info  ConfigInfo0: N*upload.iconserver.idletimeout:31
2026-09-20 19:05:16 Info  ConfigInfo0: S upload.iconserver.ip:0.0.0.0
2026-09-20 19:05:16 Info  ConfigInfo0: N upload.iconserver.port:5000
2026-09-20 19:05:16 Info  DbConnectionPool0: Checking connection to database
2026-09-20 19:05:16 Debug DbConnectionPool0: Connecting to database
2026-09-20 19:05:16 Info  ODBC: SQLDriverConnect: additional info:
2026-09-20 19:05:16 Info  ODBC: 01000:1:5701:[Microsoft][ODBC SQL Server Driver][SQL Server]Changed database context to 'AuthKitekat'.
2026-09-20 19:05:16 Info  ODBC: 01000:2:5703:[Microsoft][ODBC SQL Server Driver][SQL Server]Changed language setting to us_english.
2026-09-20 19:05:16 Info  DbConnectionPool0: Connection ok
2026-09-20 19:05:16 Info  SessionServer<AuthServer::ClientSession>: Starting server auth.clients on 0.0.0.0:4615
2026-09-20 19:05:16 Debug BanManager0: No ban ip file: "D:\Utilisateurs\Sn00py\Bureau\KitekatRepack\Auth_bin/bannedip.txt"
2026-09-20 19:05:16 Warn  Socket[0.0.0.0:4615 <> :0]: Cant listen: address already in use
2026-09-20 19:05:16 Info  SessionServer<AuthServer::BillingInterface>: Starting server auth.billing on 127.0.0.1:4503
2026-09-20 19:05:16 Warn  Socket[127.0.0.1:4503 <> :0]: Cant listen: address already in use
2026-09-20 19:05:16 Info  SessionServer<AuthServer::GameServerSession>: Starting server auth.gameserver on 127.0.0.1:4502
2026-09-20 19:05:16 Warn  Socket[127.0.0.1:4502 <> :0]: Cant listen: address already in use
2026-09-20 19:05:16 Info  SessionServer<UploadServer::GameServerSession>: Starting server upload.gameserver on 127.0.0.1:4616
2026-09-20 19:05:16 Warn  Socket[127.0.0.1:4616 <> :0]: Cant listen: address already in use
2026-09-20 19:05:16 Info  SessionServer<UploadServer::ClientSession>: Starting server upload.clients on 0.0.0.0:4617
2026-09-20 19:05:16 Debug BanManager0: No ban ip file: "D:\Utilisateurs\Sn00py\Bureau\KitekatRepack\Auth_bin/bannedip.txt"
2026-09-20 19:05:16 Warn  Socket[0.0.0.0:4617 <> :0]: Cant listen: address already in use
2026-09-20 19:05:16 Info  SessionServer<UploadServer::IconServerSession>: Starting server upload.iconserver on 0.0.0.0:5000
2026-09-20 19:05:16 Debug BanManager0: No ban ip file: "D:\Utilisateurs\Sn00py\Bureau\KitekatRepack\Auth_bin/bannedip.txt"
2026-09-20 19:05:16 Warn  Socket[0.0.0.0:5000 <> :0]: Cant listen: address already in use
2026-09-20 19:05:16 Info  SessionServer<AdminServer::AdminInterface>: Starting server admin.telnet on 127.0.0.1:4501
2026-09-20 19:05:16 Warn  Socket[127.0.0.1:4501 <> :0]: Cant listen: address already in use
2026-09-20 19:05:19 ERROR Socket[:0 <> 127.0.0.1:4516]: onConnected: connection refused
2026-09-20 19:05:19 Info  SocketSession0: Disconnected from Log server 127.0.0.1:4516
2026-09-20 19:07:16 Debug AuthServer::ClientSession0: Unknown packet ID: 9999, size: 8
2026-09-20 19:07:16 Debug AuthServer::ClientSession0: Unknown packet ID: 9999, size: 11
2026-09-20 19:07:17 Debug AuthServer::ClientSession0: Login request for account Admin
2026-09-20 19:07:17 Debug AuthServer::ClientSession0: Unknown packet ID: 9999, size: 11
2026-09-20 19:07:17 Debug AuthServer::DB_Account0: Client login using AES
2026-09-20 19:07:17 Debug DbConnectionPool0: Connecting to database
2026-09-20 19:07:18 Info  ODBC: SQLDriverConnect: additional info:
2026-09-20 19:07:18 Info  ODBC: 01000:1:5701:[Microsoft][ODBC SQL Server Driver][SQL Server]Changed database context to 'AuthKitekat'.
2026-09-20 19:07:18 Info  ODBC: 01000:2:5703:[Microsoft][ODBC SQL Server Driver][SQL Server]Changed language setting to us_english.
2026-09-20 19:07:18 Debug DbConnection1: Cached DB query: SELECT * FROM Account WITH(NOLOCK) WHERE account = ? AND password = ?;
2026-09-20 19:07:29 Debug AuthServer::ClientSession1: Login request for account Admin
2026-09-20 19:07:29 Debug AuthServer::DB_Account1: Client login using AES
2026-09-20 19:09:19 Debug AuthServer::ClientSession2: Unknown packet ID: 9999, size: 10
2026-09-20 19:09:19 Debug AuthServer::ClientSession2: Login request for account Admin
2026-09-20 19:09:19 Debug AuthServer::DB_Account2: Client login using AES
2026-09-20 19:12:53 Debug SessionServer<AuthServer::ClientSession>: Server auth.clients already stopped
2026-09-20 19:12:53 Info  SessionServer<AuthServer::ClientSession>: Stopping server auth.clients
2026-09-20 19:12:53 Debug SessionServer<AuthServer::BillingInterface>: Server auth.billing already stopped
2026-09-20 19:12:53 Info  SessionServer<AuthServer::BillingInterface>: Stopping server auth.billing
2026-09-20 19:12:53 Debug SessionServer<AuthServer::GameServerSession>: Server auth.gameserver already stopped
2026-09-20 19:12:53 Info  SessionServer<AuthServer::GameServerSession>: Stopping server auth.gameserver
2026-09-20 19:12:53 Debug SessionServer<UploadServer::GameServerSession>: Server upload.gameserver already stopped
2026-09-20 19:12:53 Info  SessionServer<UploadServer::GameServerSession>: Stopping server upload.gameserver
2026-09-20 19:12:53 Debug SessionServer<UploadServer::ClientSession>: Server upload.clients already stopped
2026-09-20 19:12:53 Info  SessionServer<UploadServer::ClientSession>: Stopping server upload.clients
2026-09-20 19:12:53 Debug SessionServer<UploadServer::IconServerSession>: Server upload.iconserver already stopped
2026-09-20 19:12:53 Info  SessionServer<UploadServer::IconServerSession>: Stopping server upload.iconserver
2026-09-20 19:12:53 Debug SessionServer<AdminServer::AdminInterface>: Server admin.telnet already stopped
2026-09-20 19:12:53 Info  SessionServer<AdminServer::AdminInterface>: Stopping server admin.telnet
2026-09-20 19:12:53 Info  Log0: Log thread stopped
2026-09-20 19:12:59 Info  SessionServer<AuthServer::ClientSession>: Stopping server auth.clients
2026-09-20 19:12:59 Info  SessionServer<AuthServer::BillingInterface>: Stopping server auth.billing
2026-09-20 19:12:59 Info  SessionServer<AuthServer::GameServerSession>: Stopping server auth.gameserver
2026-09-20 19:12:59 Info  SessionServer<UploadServer::GameServerSession>: Stopping server upload.gameserver
2026-09-20 19:12:59 Info  SessionServer<UploadServer::ClientSession>: Stopping server upload.clients
2026-09-20 19:12:59 Info  SessionServer<UploadServer::IconServerSession>: Stopping server upload.iconserver
2026-09-20 19:12:59 Info  SessionServer<AdminServer::AdminInterface>: Stopping server admin.telnet
2026-09-20 19:12:59 Info  Log0: Log thread stopped
2026-09-20 19:14:21 Info  Log0: Log thread started using filename auth.log
2026-09-20 19:14:21 Debug Log1: Using file log level Debug
2026-09-20 19:14:21 Debug Log1: Using console log level FATAL
2026-09-20 19:14:21 Info  ConfigInfo0: Config dump:
2026-09-20 19:14:21 Info  ConfigInfo0: N*admin.dump_mode:0
2026-09-20 19:14:21 Info  ConfigInfo0: B*admin.telnet.autostart:true
2026-09-20 19:14:21 Info  ConfigInfo0: N*admin.telnet.idletimeout:0
2026-09-20 19:14:21 Info  ConfigInfo0: S*admin.telnet.ip:127.0.0.1
2026-09-20 19:14:21 Info  ConfigInfo0: N*admin.telnet.port:4501
2026-09-20 19:14:21 Info  ConfigInfo0: B*auth.billing.autostart:true
2026-09-20 19:14:21 Info  ConfigInfo0: N*auth.billing.idletimeout:0
2026-09-20 19:14:21 Info  ConfigInfo0: S*auth.billing.ip:127.0.0.1
2026-09-20 19:14:21 Info  ConfigInfo0: N*auth.billing.port:4503
2026-09-20 19:14:21 Info  ConfigInfo0: B*auth.clients.autostart:true
2026-09-20 19:14:21 Info  ConfigInfo0: S*auth.clients.des_key:MERONG
2026-09-20 19:14:21 Info  ConfigInfo0: N*auth.clients.idletimeout:301
2026-09-20 19:14:21 Info  ConfigInfo0: S auth.clients.ip:0.0.0.0
2026-09-20 19:14:21 Info  ConfigInfo0: N auth.clients.maxpublicserveridx:5
2026-09-20 19:14:21 Info  ConfigInfo0: N auth.clients.port:4615
2026-09-20 19:14:21 Info  ConfigInfo0: B*auth.clients.restrictchars:true
2026-09-20 19:14:21 Info  ConfigInfo0: S auth.db.account:<hidden>
2026-09-20 19:14:21 Info  ConfigInfo0: S*auth.db.connectionstring:<hidden>
2026-09-20 19:14:21 Info  ConfigInfo0: S*auth.db.cryptedconnectionstring:<hidden>
2026-09-20 19:14:21 Info  ConfigInfo0: S auth.db.cryptedpassword:<hidden>
2026-09-20 19:14:21 Info  ConfigInfo0: S*auth.db.driver:SQL Server
2026-09-20 19:14:21 Info  ConfigInfo0: B*auth.db.ignoreinitcheck:true
2026-09-20 19:14:21 Info  ConfigInfo0: S auth.db.name:AuthKitekat
2026-09-20 19:14:21 Info  ConfigInfo0: S*auth.db.password:<hidden>
2026-09-20 19:14:21 Info  ConfigInfo0: N auth.db.port:1433
2026-09-20 19:14:21 Info  ConfigInfo0: S auth.db.salt:kitekatsalt
2026-09-20 19:14:21 Info  ConfigInfo0: S auth.db.server:127.0.0.1
2026-09-20 19:14:21 Info  ConfigInfo0: B*auth.gameserver.autostart:true
2026-09-20 19:14:21 Info  ConfigInfo0: N*auth.gameserver.idletimeout:0
2026-09-20 19:14:21 Info  ConfigInfo0: S auth.gameserver.ip:127.0.0.1
2026-09-20 19:14:21 Info  ConfigInfo0: N*auth.gameserver.maxplayers:400
2026-09-20 19:14:21 Info  ConfigInfo0: N auth.gameserver.port:4502
2026-09-20 19:14:21 Info  ConfigInfo0: B*auth.gameserver.strictkick:true
2026-09-20 19:14:21 Info  ConfigInfo0: S*auth.securityno.salt:kitekatsalt
2026-09-20 19:14:21 Info  ConfigInfo0: S*ban.ipfile:D:\Utilisateurs\Sn00py\Bureau\KitekatRepack\Auth_bin/bannedip.txt
2026-09-20 19:14:21 Info  ConfigInfo0: S*configfile:D:\Utilisateurs\Sn00py\Bureau\KitekatRepack\Auth_bin/auth.opt
2026-09-20 19:14:21 Info  ConfigInfo0: S*core.appname:rzauth
2026-09-20 19:14:21 Info  ConfigInfo0: S core.log.consolelevel:info
2026-09-20 19:14:21 Info  ConfigInfo0: S*core.log.dir:D:\Utilisateurs\Sn00py\Bureau\KitekatRepack\Auth_bin/log
2026-09-20 19:14:21 Info  ConfigInfo0: B*core.log.enable:true
2026-09-20 19:14:21 Info  ConfigInfo0: S*core.log.file:auth.log
2026-09-20 19:14:21 Info  ConfigInfo0: S core.log.level:debug
2026-09-20 19:14:21 Info  ConfigInfo0: N*core.log.maxqueuesize:10000
2026-09-20 19:14:21 Info  ConfigInfo0: B*core.usetcpnodelay:false
2026-09-20 19:14:21 Info  ConfigInfo0: S*core.version:Git rev 405bfa0d5a643590e0ca61550c5acabbe29013e0-dirty build on 2015-08-19T13:05:34Z
2026-09-20 19:14:21 Info  ConfigInfo0: S*global.version:Git rev e72cbdb71207379379fb36444327466602390933-dirty build on 2015-08-19T13:06:12Z
2026-09-20 19:14:21 Info  ConfigInfo0: B*logclient.enable:true
2026-09-20 19:14:21 Info  ConfigInfo0: S*logclient.ip:127.0.0.1
2026-09-20 19:14:21 Info  ConfigInfo0: N*logclient.port:4516
2026-09-20 19:14:21 Info  ConfigInfo0: S*sql.db_account.column.accountid:account_id
2026-09-20 19:14:21 Info  ConfigInfo0: S*sql.db_account.column.age:age
2026-09-20 19:14:21 Info  ConfigInfo0: S*sql.db_account.column.authok:auth_ok
2026-09-20 19:14:21 Info  ConfigInfo0: S*sql.db_account.column.block:block
2026-09-20 19:14:21 Info  ConfigInfo0: S*sql.db_account.column.eventcode:event_code
2026-09-20 19:14:21 Info  ConfigInfo0: S*sql.db_account.column.lastserveridx:last_login_server_idx
2026-09-20 19:14:21 Info  ConfigInfo0: S*sql.db_account.column.password:password
2026-09-20 19:14:21 Info  ConfigInfo0: S*sql.db_account.column.pcbang:pcbang
2026-09-20 19:14:21 Info  ConfigInfo0: S*sql.db_account.column.serveridxoffset:server_idx_offset
2026-09-20 19:14:21 Info  ConfigInfo0: B*sql.db_account.enable:true
2026-09-20 19:14:21 Info  ConfigInfo0: N*sql.db_account.param.account:1
2026-09-20 19:14:21 Info  ConfigInfo0: N*sql.db_account.param.ip:-1
2026-09-20 19:14:21 Info  ConfigInfo0: N*sql.db_account.param.password:2
2026-09-20 19:14:21 Info  ConfigInfo0: S sql.db_account.query:SELECT * FROM Account WITH(NOLOCK) WHERE account = ? AND password = ?;
2026-09-20 19:14:21 Info  ConfigInfo0: B*sql.db_securitynocheck.enable:true
2026-09-20 19:14:21 Info  ConfigInfo0: N*sql.db_securitynocheck.param.account:1
2026-09-20 19:14:21 Info  ConfigInfo0: N*sql.db_securitynocheck.param.securityno:2
2026-09-20 19:14:21 Info  ConfigInfo0: S*sql.db_securitynocheck.query:SELECT account FROM account WHERE account = ? AND password = ?
2026-09-20 19:14:21 Info  ConfigInfo0: B*sql.db_updatelastserveridx.enable:true
2026-09-20 19:14:21 Info  ConfigInfo0: N*sql.db_updatelastserveridx.param.accountid:2
2026-09-20 19:14:21 Info  ConfigInfo0: N*sql.db_updatelastserveridx.param.serveridx:1
2026-09-20 19:14:21 Info  ConfigInfo0: S*sql.db_updatelastserveridx.query:UPDATE account SET last_login_server_idx = ? WHERE account_id = ?;
2026-09-20 19:14:21 Info  ConfigInfo0: N stats.connections:0
2026-09-20 19:14:21 Info  ConfigInfo0: N stats.disconnections:0
2026-09-20 19:14:21 Info  ConfigInfo0: S*trafficdump.consolelevel:fatal
2026-09-20 19:14:21 Info  ConfigInfo0: S*trafficdump.dir:D:\Utilisateurs\Sn00py\Bureau\KitekatRepack\Auth_bin/traffic_log
2026-09-20 19:14:21 Info  ConfigInfo0: B*trafficdump.enable:false
2026-09-20 19:14:21 Info  ConfigInfo0: S*trafficdump.file:auth.log
2026-09-20 19:14:21 Info  ConfigInfo0: S*trafficdump.level:debug
2026-09-20 19:14:21 Info  ConfigInfo0: B*upload.clients.autostart:true
2026-09-20 19:14:21 Info  ConfigInfo0: N*upload.clients.idletimeout:61
2026-09-20 19:14:21 Info  ConfigInfo0: S upload.clients.ip:0.0.0.0
2026-09-20 19:14:21 Info  ConfigInfo0: N upload.clients.port:4617
2026-09-20 19:14:21 Info  ConfigInfo0: S upload.dir:C:\inetpub\wwwroot\gicon
2026-09-20 19:14:21 Info  ConfigInfo0: B*upload.gameserver.autostart:true
2026-09-20 19:14:21 Info  ConfigInfo0: N*upload.gameserver.idletimeout:0
2026-09-20 19:14:21 Info  ConfigInfo0: S upload.gameserver.ip:127.0.0.1
2026-09-20 19:14:21 Info  ConfigInfo0: N upload.gameserver.port:4616
2026-09-20 19:14:21 Info  ConfigInfo0: B*upload.iconserver.autostart:true
2026-09-20 19:14:21 Info  ConfigInfo0: N*upload.iconserver.idletimeout:31
2026-09-20 19:14:21 Info  ConfigInfo0: S upload.iconserver.ip:0.0.0.0
2026-09-20 19:14:21 Info  ConfigInfo0: N upload.iconserver.port:5000
2026-09-20 19:14:21 Info  DbConnectionPool0: Checking connection to database
2026-09-20 19:14:21 Debug DbConnectionPool0: Connecting to database
2026-09-20 19:14:21 Info  ODBC: SQLDriverConnect: additional info:
2026-09-20 19:14:21 Info  ODBC: 01000:1:5701:[Microsoft][ODBC SQL Server Driver][SQL Server]Changed database context to 'AuthKitekat'.
2026-09-20 19:14:21 Info  ODBC: 01000:2:5703:[Microsoft][ODBC SQL Server Driver][SQL Server]Changed language setting to us_english.
2026-09-20 19:14:21 Info  DbConnectionPool0: Connection ok
2026-09-20 19:14:21 Info  SessionServer<AuthServer::ClientSession>: Starting server auth.clients on 0.0.0.0:4615
2026-09-20 19:14:21 Debug BanManager0: No ban ip file: "D:\Utilisateurs\Sn00py\Bureau\KitekatRepack\Auth_bin/bannedip.txt"
2026-09-20 19:14:21 Info  SessionServer<AuthServer::BillingInterface>: Starting server auth.billing on 127.0.0.1:4503
2026-09-20 19:14:21 Info  SessionServer<AuthServer::GameServerSession>: Starting server auth.gameserver on 127.0.0.1:4502
2026-09-20 19:14:21 Info  SessionServer<UploadServer::GameServerSession>: Starting server upload.gameserver on 127.0.0.1:4616
2026-09-20 19:14:21 Info  SessionServer<UploadServer::ClientSession>: Starting server upload.clients on 0.0.0.0:4617
2026-09-20 19:14:21 Debug BanManager0: No ban ip file: "D:\Utilisateurs\Sn00py\Bureau\KitekatRepack\Auth_bin/bannedip.txt"
2026-09-20 19:14:21 Info  SessionServer<UploadServer::IconServerSession>: Starting server upload.iconserver on 0.0.0.0:5000
2026-09-20 19:14:21 Debug BanManager0: No ban ip file: "D:\Utilisateurs\Sn00py\Bureau\KitekatRepack\Auth_bin/bannedip.txt"
2026-09-20 19:14:21 Info  SessionServer<AdminServer::AdminInterface>: Starting server admin.telnet on 127.0.0.1:4501
2026-09-20 19:14:23 ERROR Socket[:0 <> 127.0.0.1:4516]: onConnected: connection refused
2026-09-20 19:14:23 Info  SocketSession0: Disconnected from Log server 127.0.0.1:4516
2026-09-20 19:14:43 Info  AuthServer::GameServerSession0: Server Login: KitekatServer[3] at 127.0.0.1:44391
2026-09-20 19:14:43 Debug AuthServer::GameServerSession0: Success
2026-09-20 19:14:43 Debug AuthServer::GameServerSession0: Set game data to GameData[KitekatServer]
2026-09-20 19:16:23 Debug AuthServer::ClientSession0: Unknown packet ID: 9999, size: 8
2026-09-20 19:16:23 Debug AuthServer::ClientSession0: Unknown packet ID: 9999, size: 11
2026-09-20 19:16:25 Debug AuthServer::ClientSession0: Login request for account Admin
2026-09-20 19:16:25 Debug AuthServer::ClientSession0: Unknown packet ID: 9999, size: 11
2026-09-20 19:16:25 Debug AuthServer::DB_Account0: Client login using AES
2026-09-20 19:16:25 Debug DbConnectionPool0: Connecting to database
2026-09-20 19:16:25 Info  ODBC: SQLDriverConnect: additional info:
2026-09-20 19:16:25 Info  ODBC: 01000:1:5701:[Microsoft][ODBC SQL Server Driver][SQL Server]Changed database context to 'AuthKitekat'.
2026-09-20 19:16:25 Info  ODBC: 01000:2:5703:[Microsoft][ODBC SQL Server Driver][SQL Server]Changed language setting to us_english.
2026-09-20 19:16:25 Debug DbConnection1: Cached DB query: SELECT * FROM Account WITH(NOLOCK) WHERE account = ? AND password = ?;
2026-09-20 19:16:48 Debug AuthServer::ClientSession1: Login request for account Admin
2026-09-20 19:16:48 Debug AuthServer::DB_Account1: Client login using AES
2026-09-20 19:17:28 Debug AuthServer::ClientSession2: Unknown packet ID: 9999, size: 10
2026-09-20 19:17:28 Debug AuthServer::ClientSession2: Login request for account Admin
2026-09-20 19:17:28 Debug AuthServer::DB_Account2: Client login using AES
2026-09-20 19:17:29 Debug AuthServer::ClientSession2: Unknown packet ID: 9999, size: 11
2026-09-20 19:17:29 Debug DbConnectionPool0: Connecting to database
2026-09-20 19:17:29 Debug AuthServer::GameServerSession0: Client Admin now on gameserver
2026-09-20 19:17:29 Info  ODBC: SQLDriverConnect: additional info:
2026-09-20 19:17:29 Info  ODBC: 01000:1:5701:[Microsoft][ODBC SQL Server Driver][SQL Server]Changed database context to 'AuthKitekat'.
2026-09-20 19:17:29 Info  ODBC: 01000:2:5703:[Microsoft][ODBC SQL Server Driver][SQL Server]Changed language setting to us_english.
2026-09-20 19:17:29 Debug DbConnection2: Cached DB query: UPDATE account SET last_login_server_idx = ? WHERE account_id = ?;
2026-09-20 19:30:57 Debug AuthServer::GameServerSession0: Client Admin has been disconnected from gameserver
2026-09-20 20:06:56 Debug AuthServer::ClientSession3: Unknown packet ID: 9999, size: 8
2026-09-20 20:06:56 Debug AuthServer::ClientSession3: Unknown packet ID: 9999, size: 11
2026-09-20 20:06:57 Debug AuthServer::ClientSession3: Login request for account Admin
2026-09-20 20:06:57 Debug AuthServer::ClientSession3: Unknown packet ID: 9999, size: 11
2026-09-20 20:06:57 Debug AuthServer::DB_Account3: Client login using AES
2026-09-20 20:07:08 Debug AuthServer::GameServerSession0: Client Admin now on gameserver
2026-09-20 21:17:18 Debug AuthServer::GameServerSession0: Client Admin has been disconnected from gameserver
2026-09-20 21:17:48 Info  SessionServer<AuthServer::ClientSession>: Stopping server auth.clients
2026-09-20 21:17:48 Info  SessionServer<AuthServer::BillingInterface>: Stopping server auth.billing
2026-09-20 21:17:48 Info  SessionServer<AuthServer::GameServerSession>: Stopping server auth.gameserver
2026-09-20 21:17:48 Info  SessionServer<UploadServer::GameServerSession>: Stopping server upload.gameserver
2026-09-20 21:17:48 Info  SessionServer<UploadServer::ClientSession>: Stopping server upload.clients
2026-09-20 21:17:48 Info  SessionServer<UploadServer::IconServerSession>: Stopping server upload.iconserver
2026-09-20 21:17:48 Info  SessionServer<AdminServer::AdminInterface>: Stopping server admin.telnet
2026-09-20 21:17:48 Info  AuthServer::GameServerSession0: Server 3 Logout
2026-09-20 21:17:48 Info  Log0: Log thread stopped
