2026-09-21 18:22:40 Info  Log0: Log thread started using filename auth.log
2026-09-21 18:22:40 Debug Log1: Using file log level Debug
2026-09-21 18:22:40 Debug Log1: Using console log level FATAL
2026-09-21 18:22:40 Info  ConfigInfo0: Config dump:
2026-09-21 18:22:40 Info  ConfigInfo0: N*admin.dump_mode:0
2026-09-21 18:22:40 Info  ConfigInfo0: B*admin.telnet.autostart:true
2026-09-21 18:22:40 Info  ConfigInfo0: N*admin.telnet.idletimeout:0
2026-09-21 18:22:40 Info  ConfigInfo0: S*admin.telnet.ip:127.0.0.1
2026-09-21 18:22:40 Info  ConfigInfo0: N*admin.telnet.port:4501
2026-09-21 18:22:40 Info  ConfigInfo0: B*auth.billing.autostart:true
2026-09-21 18:22:40 Info  ConfigInfo0: N*auth.billing.idletimeout:0
2026-09-21 18:22:40 Info  ConfigInfo0: S*auth.billing.ip:127.0.0.1
2026-09-21 18:22:40 Info  ConfigInfo0: N*auth.billing.port:4503
2026-09-21 18:22:40 Info  ConfigInfo0: B*auth.clients.autostart:true
2026-09-21 18:22:40 Info  ConfigInfo0: S*auth.clients.des_key:MERONG
2026-09-21 18:22:40 Info  ConfigInfo0: N*auth.clients.idletimeout:301
2026-09-21 18:22:40 Info  ConfigInfo0: S auth.clients.ip:0.0.0.0
2026-09-21 18:22:40 Info  ConfigInfo0: N auth.clients.maxpublicserveridx:5
2026-09-21 18:22:40 Info  ConfigInfo0: N auth.clients.port:4615
2026-09-21 18:22:40 Info  ConfigInfo0: B*auth.clients.restrictchars:true
2026-09-21 18:22:40 Info  ConfigInfo0: S auth.db.account:<hidden>
2026-09-21 18:22:40 Info  ConfigInfo0: S*auth.db.connectionstring:<hidden>
2026-09-21 18:22:40 Info  ConfigInfo0: S*auth.db.cryptedconnectionstring:<hidden>
2026-09-21 18:22:40 Info  ConfigInfo0: S auth.db.cryptedpassword:<hidden>
2026-09-21 18:22:40 Info  ConfigInfo0: S*auth.db.driver:SQL Server
2026-09-21 18:22:40 Info  ConfigInfo0: B*auth.db.ignoreinitcheck:true
2026-09-21 18:22:40 Info  ConfigInfo0: S auth.db.name:AuthKitekat
2026-09-21 18:22:40 Info  ConfigInfo0: S*auth.db.password:<hidden>
2026-09-21 18:22:40 Info  ConfigInfo0: N auth.db.port:1433
2026-09-21 18:22:40 Info  ConfigInfo0: S auth.db.salt:kitekatsalt
2026-09-21 18:22:40 Info  ConfigInfo0: S auth.db.server:127.0.0.1
2026-09-21 18:22:40 Info  ConfigInfo0: B*auth.gameserver.autostart:true
2026-09-21 18:22:40 Info  ConfigInfo0: N*auth.gameserver.idletimeout:0
2026-09-21 18:22:40 Info  ConfigInfo0: S auth.gameserver.ip:127.0.0.1
2026-09-21 18:22:40 Info  ConfigInfo0: N*auth.gameserver.maxplayers:400
2026-09-21 18:22:40 Info  ConfigInfo0: N auth.gameserver.port:4502
2026-09-21 18:22:40 Info  ConfigInfo0: B*auth.gameserver.strictkick:true
2026-09-21 18:22:40 Info  ConfigInfo0: S*auth.securityno.salt:kitekatsalt
2026-09-21 18:22:40 Info  ConfigInfo0: S*ban.ipfile:D:\Utilisateurs\Sn00py\Bureau\KitekatRepack\Auth_bin/bannedip.txt
2026-09-21 18:22:40 Info  ConfigInfo0: S*configfile:D:\Utilisateurs\Sn00py\Bureau\KitekatRepack\Auth_bin/auth.opt
2026-09-21 18:22:40 Info  ConfigInfo0: S*core.appname:rzauth
2026-09-21 18:22:40 Info  ConfigInfo0: S core.log.consolelevel:info
2026-09-21 18:22:40 Info  ConfigInfo0: S*core.log.dir:D:\Utilisateurs\Sn00py\Bureau\KitekatRepack\Auth_bin/log
2026-09-21 18:22:40 Info  ConfigInfo0: B*core.log.enable:true
2026-09-21 18:22:40 Info  ConfigInfo0: S*core.log.file:auth.log
2026-09-21 18:22:40 Info  ConfigInfo0: S core.log.level:debug
2026-09-21 18:22:40 Info  ConfigInfo0: N*core.log.maxqueuesize:10000
2026-09-21 18:22:40 Info  ConfigInfo0: B*core.usetcpnodelay:false
2026-09-21 18:22:40 Info  ConfigInfo0: S*core.version:Git rev 405bfa0d5a643590e0ca61550c5acabbe29013e0-dirty build on 2015-08-19T13:05:34Z
2026-09-21 18:22:40 Info  ConfigInfo0: S*global.version:Git rev e72cbdb71207379379fb36444327466602390933-dirty build on 2015-08-19T13:06:12Z
2026-09-21 18:22:40 Info  ConfigInfo0: B*logclient.enable:true
2026-09-21 18:22:40 Info  ConfigInfo0: S*logclient.ip:127.0.0.1
2026-09-21 18:22:40 Info  ConfigInfo0: N*logclient.port:4516
2026-09-21 18:22:40 Info  ConfigInfo0: S*sql.db_account.column.accountid:account_id
2026-09-21 18:22:40 Info  ConfigInfo0: S*sql.db_account.column.age:age
2026-09-21 18:22:40 Info  ConfigInfo0: S*sql.db_account.column.authok:auth_ok
2026-09-21 18:22:40 Info  ConfigInfo0: S*sql.db_account.column.block:block
2026-09-21 18:22:40 Info  ConfigInfo0: S*sql.db_account.column.eventcode:event_code
2026-09-21 18:22:40 Info  ConfigInfo0: S*sql.db_account.column.lastserveridx:last_login_server_idx
2026-09-21 18:22:40 Info  ConfigInfo0: S*sql.db_account.column.password:password
2026-09-21 18:22:40 Info  ConfigInfo0: S*sql.db_account.column.pcbang:pcbang
2026-09-21 18:22:40 Info  ConfigInfo0: S*sql.db_account.column.serveridxoffset:server_idx_offset
2026-09-21 18:22:40 Info  ConfigInfo0: B*sql.db_account.enable:true
2026-09-21 18:22:40 Info  ConfigInfo0: N*sql.db_account.param.account:1
2026-09-21 18:22:40 Info  ConfigInfo0: N*sql.db_account.param.ip:-1
2026-09-21 18:22:40 Info  ConfigInfo0: N*sql.db_account.param.password:2
2026-09-21 18:22:40 Info  ConfigInfo0: S sql.db_account.query:SELECT * FROM Account WITH(NOLOCK) WHERE account = ? AND password = ?;
2026-09-21 18:22:40 Info  ConfigInfo0: B*sql.db_securitynocheck.enable:true
2026-09-21 18:22:40 Info  ConfigInfo0: N*sql.db_securitynocheck.param.account:1
2026-09-21 18:22:40 Info  ConfigInfo0: N*sql.db_securitynocheck.param.securityno:2
2026-09-21 18:22:40 Info  ConfigInfo0: S*sql.db_securitynocheck.query:SELECT account FROM account WHERE account = ? AND password = ?
2026-09-21 18:22:40 Info  ConfigInfo0: B*sql.db_updatelastserveridx.enable:true
2026-09-21 18:22:40 Info  ConfigInfo0: N*sql.db_updatelastserveridx.param.accountid:2
2026-09-21 18:22:40 Info  ConfigInfo0: N*sql.db_updatelastserveridx.param.serveridx:1
2026-09-21 18:22:40 Info  ConfigInfo0: S*sql.db_updatelastserveridx.query:UPDATE account SET last_login_server_idx = ? WHERE account_id = ?;
2026-09-21 18:22:40 Info  ConfigInfo0: N stats.connections:0
2026-09-21 18:22:40 Info  ConfigInfo0: N stats.disconnections:0
2026-09-21 18:22:40 Info  ConfigInfo0: S*trafficdump.consolelevel:fatal
2026-09-21 18:22:40 Info  ConfigInfo0: S*trafficdump.dir:D:\Utilisateurs\Sn00py\Bureau\KitekatRepack\Auth_bin/traffic_log
2026-09-21 18:22:40 Info  ConfigInfo0: B*trafficdump.enable:false
2026-09-21 18:22:40 Info  ConfigInfo0: S*trafficdump.file:auth.log
2026-09-21 18:22:40 Info  ConfigInfo0: S*trafficdump.level:debug
2026-09-21 18:22:40 Info  ConfigInfo0: B*upload.clients.autostart:true
2026-09-21 18:22:40 Info  ConfigInfo0: N*upload.clients.idletimeout:61
2026-09-21 18:22:40 Info  ConfigInfo0: S upload.clients.ip:0.0.0.0
2026-09-21 18:22:40 Info  ConfigInfo0: N upload.clients.port:4617
2026-09-21 18:22:40 Info  ConfigInfo0: S upload.dir:C:\inetpub\wwwroot\gicon
2026-09-21 18:22:40 Info  ConfigInfo0: B*upload.gameserver.autostart:true
2026-09-21 18:22:40 Info  ConfigInfo0: N*upload.gameserver.idletimeout:0
2026-09-21 18:22:40 Info  ConfigInfo0: S upload.gameserver.ip:127.0.0.1
2026-09-21 18:22:40 Info  ConfigInfo0: N upload.gameserver.port:4616
2026-09-21 18:22:40 Info  ConfigInfo0: B*upload.iconserver.autostart:true
2026-09-21 18:22:40 Info  ConfigInfo0: N*upload.iconserver.idletimeout:31
2026-09-21 18:22:40 Info  ConfigInfo0: S upload.iconserver.ip:0.0.0.0
2026-09-21 18:22:40 Info  ConfigInfo0: N upload.iconserver.port:5000
2026-09-21 18:22:40 Info  DbConnectionPool0: Checking connection to database
2026-09-21 18:22:40 Debug DbConnectionPool0: Connecting to database
2026-09-21 18:22:40 Info  ODBC: SQLDriverConnect: additional info:
2026-09-21 18:22:40 Info  ODBC: 01000:1:5701:[Microsoft][ODBC SQL Server Driver][SQL Server]Changed database context to 'AuthKitekat'.
2026-09-21 18:22:40 Info  ODBC: 01000:2:5703:[Microsoft][ODBC SQL Server Driver][SQL Server]Changed language setting to us_english.
2026-09-21 18:22:40 Info  DbConnectionPool0: Connection ok
2026-09-21 18:22:40 Info  SessionServer<AuthServer::ClientSession>: Starting server auth.clients on 0.0.0.0:4615
2026-09-21 18:22:40 Debug BanManager0: No ban ip file: "D:\Utilisateurs\Sn00py\Bureau\KitekatRepack\Auth_bin/bannedip.txt"
2026-09-21 18:22:40 Info  SessionServer<AuthServer::BillingInterface>: Starting server auth.billing on 127.0.0.1:4503
2026-09-21 18:22:40 Info  SessionServer<AuthServer::GameServerSession>: Starting server auth.gameserver on 127.0.0.1:4502
2026-09-21 18:22:40 Info  SessionServer<UploadServer::GameServerSession>: Starting server upload.gameserver on 127.0.0.1:4616
2026-09-21 18:22:40 Info  SessionServer<UploadServer::ClientSession>: Starting server upload.clients on 0.0.0.0:4617
2026-09-21 18:22:40 Debug BanManager0: No ban ip file: "D:\Utilisateurs\Sn00py\Bureau\KitekatRepack\Auth_bin/bannedip.txt"
2026-09-21 18:22:40 Info  SessionServer<UploadServer::IconServerSession>: Starting server upload.iconserver on 0.0.0.0:5000
2026-09-21 18:22:40 Debug BanManager0: No ban ip file: "D:\Utilisateurs\Sn00py\Bureau\KitekatRepack\Auth_bin/bannedip.txt"
2026-09-21 18:22:40 Info  SessionServer<AdminServer::AdminInterface>: Starting server admin.telnet on 127.0.0.1:4501
2026-09-21 18:22:42 ERROR Socket[:0 <> 127.0.0.1:4516]: onConnected: connection refused
2026-09-21 18:22:42 Info  SocketSession0: Disconnected from Log server 127.0.0.1:4516
2026-09-21 18:23:47 Debug AuthServer::ClientSession0: Unknown packet ID: 9999, size: 8
2026-09-21 18:23:47 Debug AuthServer::ClientSession0: Unknown packet ID: 9999, size: 11
2026-09-21 18:23:48 Debug AuthServer::ClientSession0: Login request for account Admin
2026-09-21 18:23:48 Debug AuthServer::ClientSession0: Unknown packet ID: 9999, size: 11
2026-09-21 18:23:48 Debug AuthServer::DB_Account0: Client login using AES
2026-09-21 18:23:48 Debug DbConnectionPool0: Connecting to database
2026-09-21 18:23:48 Info  ODBC: SQLDriverConnect: additional info:
2026-09-21 18:23:48 Info  ODBC: 01000:1:5701:[Microsoft][ODBC SQL Server Driver][SQL Server]Changed database context to 'AuthKitekat'.
2026-09-21 18:23:48 Info  ODBC: 01000:2:5703:[Microsoft][ODBC SQL Server Driver][SQL Server]Changed language setting to us_english.
2026-09-21 18:23:48 Debug DbConnection1: Cached DB query: SELECT * FROM Account WITH(NOLOCK) WHERE account = ? AND password = ?;
2026-09-21 18:24:26 Debug AuthServer::ClientSession1: Login request for account Admin
2026-09-21 18:24:26 Debug AuthServer::DB_Account1: Client login using AES
2026-09-21 18:24:26 Debug AuthServer::ClientSession1: Unknown packet ID: 9999, size: 10
2026-09-21 18:25:03 Info  AuthServer::GameServerSession0: Server Login: KitekatServer[3] at 127.0.0.1:44391
2026-09-21 18:25:03 Debug AuthServer::GameServerSession0: Success
2026-09-21 18:25:03 Debug AuthServer::GameServerSession0: Set game data to GameData[KitekatServer]
2026-09-21 18:25:08 Debug AuthServer::ClientSession2: Login request for account Admin
2026-09-21 18:25:08 Debug AuthServer::DB_Account2: Client login using AES
2026-09-21 18:25:08 Debug AuthServer::ClientSession2: Unknown packet ID: 9999, size: 11
2026-09-21 18:25:10 Debug DbConnectionPool0: Connecting to database
2026-09-21 18:25:10 Debug AuthServer::GameServerSession0: Client Admin now on gameserver
2026-09-21 18:25:10 Info  ODBC: SQLDriverConnect: additional info:
2026-09-21 18:25:10 Info  ODBC: 01000:1:5701:[Microsoft][ODBC SQL Server Driver][SQL Server]Changed database context to 'AuthKitekat'.
2026-09-21 18:25:10 Info  ODBC: 01000:2:5703:[Microsoft][ODBC SQL Server Driver][SQL Server]Changed language setting to us_english.
2026-09-21 18:25:10 Debug DbConnection2: Cached DB query: UPDATE account SET last_login_server_idx = ? WHERE account_id = ?;
2026-09-21 19:00:27 Debug AuthServer::GameServerSession0: Client Admin has been disconnected from gameserver
2026-09-21 19:00:47 Info  AuthServer::GameServerSession0: Server 3 Logout
2026-09-21 19:00:50 Info  SessionServer<AuthServer::ClientSession>: Stopping server auth.clients
2026-09-21 19:00:50 Info  SessionServer<AuthServer::BillingInterface>: Stopping server auth.billing
2026-09-21 19:00:50 Info  SessionServer<AuthServer::GameServerSession>: Stopping server auth.gameserver
2026-09-21 19:00:50 Info  SessionServer<UploadServer::GameServerSession>: Stopping server upload.gameserver
2026-09-21 19:00:50 Info  SessionServer<UploadServer::ClientSession>: Stopping server upload.clients
2026-09-21 19:00:50 Info  SessionServer<UploadServer::IconServerSession>: Stopping server upload.iconserver
2026-09-21 19:00:50 Info  SessionServer<AdminServer::AdminInterface>: Stopping server admin.telnet
2026-09-21 19:00:50 Info  Log0: Log thread stopped
2026-09-21 19:01:06 Info  Log0: Log thread started using filename auth.log
2026-09-21 19:01:06 Debug Log1: Using file log level Debug
2026-09-21 19:01:06 Debug Log1: Using console log level FATAL
2026-09-21 19:01:06 Info  ConfigInfo0: Config dump:
2026-09-21 19:01:06 Info  ConfigInfo0: N*admin.dump_mode:0
2026-09-21 19:01:06 Info  ConfigInfo0: B*admin.telnet.autostart:true
2026-09-21 19:01:06 Info  ConfigInfo0: N*admin.telnet.idletimeout:0
2026-09-21 19:01:06 Info  ConfigInfo0: S*admin.telnet.ip:127.0.0.1
2026-09-21 19:01:06 Info  ConfigInfo0: N*admin.telnet.port:4501
2026-09-21 19:01:06 Info  ConfigInfo0: B*auth.billing.autostart:true
2026-09-21 19:01:06 Info  ConfigInfo0: N*auth.billing.idletimeout:0
2026-09-21 19:01:06 Info  ConfigInfo0: S*auth.billing.ip:127.0.0.1
2026-09-21 19:01:06 Info  ConfigInfo0: N*auth.billing.port:4503
2026-09-21 19:01:06 Info  ConfigInfo0: B*auth.clients.autostart:true
2026-09-21 19:01:06 Info  ConfigInfo0: S*auth.clients.des_key:MERONG
2026-09-21 19:01:06 Info  ConfigInfo0: N*auth.clients.idletimeout:301
2026-09-21 19:01:06 Info  ConfigInfo0: S auth.clients.ip:0.0.0.0
2026-09-21 19:01:06 Info  ConfigInfo0: N auth.clients.maxpublicserveridx:5
2026-09-21 19:01:06 Info  ConfigInfo0: N auth.clients.port:4615
2026-09-21 19:01:06 Info  ConfigInfo0: B*auth.clients.restrictchars:true
2026-09-21 19:01:06 Info  ConfigInfo0: S auth.db.account:<hidden>
2026-09-21 19:01:06 Info  ConfigInfo0: S*auth.db.connectionstring:<hidden>
2026-09-21 19:01:06 Info  ConfigInfo0: S*auth.db.cryptedconnectionstring:<hidden>
2026-09-21 19:01:06 Info  ConfigInfo0: S auth.db.cryptedpassword:<hidden>
2026-09-21 19:01:06 Info  ConfigInfo0: S*auth.db.driver:SQL Server
2026-09-21 19:01:06 Info  ConfigInfo0: B*auth.db.ignoreinitcheck:true
2026-09-21 19:01:06 Info  ConfigInfo0: S auth.db.name:AuthKitekat
2026-09-21 19:01:06 Info  ConfigInfo0: S*auth.db.password:<hidden>
2026-09-21 19:01:06 Info  ConfigInfo0: N auth.db.port:1433
2026-09-21 19:01:06 Info  ConfigInfo0: S auth.db.salt:kitekatsalt
2026-09-21 19:01:06 Info  ConfigInfo0: S auth.db.server:127.0.0.1
2026-09-21 19:01:06 Info  ConfigInfo0: B*auth.gameserver.autostart:true
2026-09-21 19:01:06 Info  ConfigInfo0: N*auth.gameserver.idletimeout:0
2026-09-21 19:01:06 Info  ConfigInfo0: S auth.gameserver.ip:127.0.0.1
2026-09-21 19:01:06 Info  ConfigInfo0: N*auth.gameserver.maxplayers:400
2026-09-21 19:01:06 Info  ConfigInfo0: N auth.gameserver.port:4502
2026-09-21 19:01:06 Info  ConfigInfo0: B*auth.gameserver.strictkick:true
2026-09-21 19:01:06 Info  ConfigInfo0: S*auth.securityno.salt:kitekatsalt
2026-09-21 19:01:06 Info  ConfigInfo0: S*ban.ipfile:D:\Utilisateurs\Sn00py\Bureau\KitekatRepack\Auth_bin/bannedip.txt
2026-09-21 19:01:06 Info  ConfigInfo0: S*configfile:D:\Utilisateurs\Sn00py\Bureau\KitekatRepack\Auth_bin/auth.opt
2026-09-21 19:01:06 Info  ConfigInfo0: S*core.appname:rzauth
2026-09-21 19:01:06 Info  ConfigInfo0: S core.log.consolelevel:info
2026-09-21 19:01:06 Info  ConfigInfo0: S*core.log.dir:D:\Utilisateurs\Sn00py\Bureau\KitekatRepack\Auth_bin/log
2026-09-21 19:01:06 Info  ConfigInfo0: B*core.log.enable:true
2026-09-21 19:01:06 Info  ConfigInfo0: S*core.log.file:auth.log
2026-09-21 19:01:06 Info  ConfigInfo0: S core.log.level:debug
2026-09-21 19:01:06 Info  ConfigInfo0: N*core.log.maxqueuesize:10000
2026-09-21 19:01:06 Info  ConfigInfo0: B*core.usetcpnodelay:false
2026-09-21 19:01:06 Info  ConfigInfo0: S*core.version:Git rev 405bfa0d5a643590e0ca61550c5acabbe29013e0-dirty build on 2015-08-19T13:05:34Z
2026-09-21 19:01:06 Info  ConfigInfo0: S*global.version:Git rev e72cbdb71207379379fb36444327466602390933-dirty build on 2015-08-19T13:06:12Z
2026-09-21 19:01:06 Info  ConfigInfo0: B*logclient.enable:true
2026-09-21 19:01:06 Info  ConfigInfo0: S*logclient.ip:127.0.0.1
2026-09-21 19:01:06 Info  ConfigInfo0: N*logclient.port:4516
2026-09-21 19:01:06 Info  ConfigInfo0: S*sql.db_account.column.accountid:account_id
2026-09-21 19:01:06 Info  ConfigInfo0: S*sql.db_account.column.age:age
2026-09-21 19:01:06 Info  ConfigInfo0: S*sql.db_account.column.authok:auth_ok
2026-09-21 19:01:06 Info  ConfigInfo0: S*sql.db_account.column.block:block
2026-09-21 19:01:06 Info  ConfigInfo0: S*sql.db_account.column.eventcode:event_code
2026-09-21 19:01:06 Info  ConfigInfo0: S*sql.db_account.column.lastserveridx:last_login_server_idx
2026-09-21 19:01:06 Info  ConfigInfo0: S*sql.db_account.column.password:password
2026-09-21 19:01:06 Info  ConfigInfo0: S*sql.db_account.column.pcbang:pcbang
2026-09-21 19:01:06 Info  ConfigInfo0: S*sql.db_account.column.serveridxoffset:server_idx_offset
2026-09-21 19:01:06 Info  ConfigInfo0: B*sql.db_account.enable:true
2026-09-21 19:01:06 Info  ConfigInfo0: N*sql.db_account.param.account:1
2026-09-21 19:01:06 Info  ConfigInfo0: N*sql.db_account.param.ip:-1
2026-09-21 19:01:06 Info  ConfigInfo0: N*sql.db_account.param.password:2
2026-09-21 19:01:06 Info  ConfigInfo0: S sql.db_account.query:SELECT * FROM Account WITH(NOLOCK) WHERE account = ? AND password = ?;
2026-09-21 19:01:06 Info  ConfigInfo0: B*sql.db_securitynocheck.enable:true
2026-09-21 19:01:06 Info  ConfigInfo0: N*sql.db_securitynocheck.param.account:1
2026-09-21 19:01:06 Info  ConfigInfo0: N*sql.db_securitynocheck.param.securityno:2
2026-09-21 19:01:06 Info  ConfigInfo0: S*sql.db_securitynocheck.query:SELECT account FROM account WHERE account = ? AND password = ?
2026-09-21 19:01:06 Info  ConfigInfo0: B*sql.db_updatelastserveridx.enable:true
2026-09-21 19:01:06 Info  ConfigInfo0: N*sql.db_updatelastserveridx.param.accountid:2
2026-09-21 19:01:06 Info  ConfigInfo0: N*sql.db_updatelastserveridx.param.serveridx:1
2026-09-21 19:01:06 Info  ConfigInfo0: S*sql.db_updatelastserveridx.query:UPDATE account SET last_login_server_idx = ? WHERE account_id = ?;
2026-09-21 19:01:06 Info  ConfigInfo0: N stats.connections:0
2026-09-21 19:01:06 Info  ConfigInfo0: N stats.disconnections:0
2026-09-21 19:01:06 Info  ConfigInfo0: S*trafficdump.consolelevel:fatal
2026-09-21 19:01:06 Info  ConfigInfo0: S*trafficdump.dir:D:\Utilisateurs\Sn00py\Bureau\KitekatRepack\Auth_bin/traffic_log
2026-09-21 19:01:06 Info  ConfigInfo0: B*trafficdump.enable:false
2026-09-21 19:01:06 Info  ConfigInfo0: S*trafficdump.file:auth.log
2026-09-21 19:01:06 Info  ConfigInfo0: S*trafficdump.level:debug
2026-09-21 19:01:06 Info  ConfigInfo0: B*upload.clients.autostart:true
2026-09-21 19:01:06 Info  ConfigInfo0: N*upload.clients.idletimeout:61
2026-09-21 19:01:06 Info  ConfigInfo0: S upload.clients.ip:0.0.0.0
2026-09-21 19:01:06 Info  ConfigInfo0: N upload.clients.port:4617
2026-09-21 19:01:06 Info  ConfigInfo0: S upload.dir:C:\inetpub\wwwroot\gicon
2026-09-21 19:01:06 Info  ConfigInfo0: B*upload.gameserver.autostart:true
2026-09-21 19:01:06 Info  ConfigInfo0: N*upload.gameserver.idletimeout:0
2026-09-21 19:01:06 Info  ConfigInfo0: S upload.gameserver.ip:127.0.0.1
2026-09-21 19:01:06 Info  ConfigInfo0: N upload.gameserver.port:4616
2026-09-21 19:01:06 Info  ConfigInfo0: B*upload.iconserver.autostart:true
2026-09-21 19:01:06 Info  ConfigInfo0: N*upload.iconserver.idletimeout:31
2026-09-21 19:01:06 Info  ConfigInfo0: S upload.iconserver.ip:0.0.0.0
2026-09-21 19:01:06 Info  ConfigInfo0: N upload.iconserver.port:5000
2026-09-21 19:01:06 Info  DbConnectionPool0: Checking connection to database
2026-09-21 19:01:06 Debug DbConnectionPool0: Connecting to database
2026-09-21 19:01:06 Info  ODBC: SQLDriverConnect: additional info:
2026-09-21 19:01:06 Info  ODBC: 01000:1:5701:[Microsoft][ODBC SQL Server Driver][SQL Server]Changed database context to 'AuthKitekat'.
2026-09-21 19:01:06 Info  ODBC: 01000:2:5703:[Microsoft][ODBC SQL Server Driver][SQL Server]Changed language setting to us_english.
2026-09-21 19:01:06 Info  DbConnectionPool0: Connection ok
2026-09-21 19:01:06 Info  SessionServer<AuthServer::ClientSession>: Starting server auth.clients on 0.0.0.0:4615
2026-09-21 19:01:06 Debug BanManager0: No ban ip file: "D:\Utilisateurs\Sn00py\Bureau\KitekatRepack\Auth_bin/bannedip.txt"
2026-09-21 19:01:06 Info  SessionServer<AuthServer::BillingInterface>: Starting server auth.billing on 127.0.0.1:4503
2026-09-21 19:01:06 Info  SessionServer<AuthServer::GameServerSession>: Starting server auth.gameserver on 127.0.0.1:4502
2026-09-21 19:01:06 Info  SessionServer<UploadServer::GameServerSession>: Starting server upload.gameserver on 127.0.0.1:4616
2026-09-21 19:01:06 Info  SessionServer<UploadServer::ClientSession>: Starting server upload.clients on 0.0.0.0:4617
2026-09-21 19:01:06 Debug BanManager0: No ban ip file: "D:\Utilisateurs\Sn00py\Bureau\KitekatRepack\Auth_bin/bannedip.txt"
2026-09-21 19:01:06 Info  SessionServer<UploadServer::IconServerSession>: Starting server upload.iconserver on 0.0.0.0:5000
2026-09-21 19:01:06 Debug BanManager0: No ban ip file: "D:\Utilisateurs\Sn00py\Bureau\KitekatRepack\Auth_bin/bannedip.txt"
2026-09-21 19:01:06 Info  SessionServer<AdminServer::AdminInterface>: Starting server admin.telnet on 127.0.0.1:4501
2026-09-21 19:01:08 ERROR Socket[:0 <> 127.0.0.1:4516]: onConnected: connection refused
2026-09-21 19:01:08 Info  SocketSession0: Disconnected from Log server 127.0.0.1:4516
2026-09-21 19:01:55 Info  AuthServer::GameServerSession0: Server Login: KitekatServer[3] at 127.0.0.1:44391
2026-09-21 19:01:55 Debug AuthServer::GameServerSession0: Success
2026-09-21 19:01:55 Debug AuthServer::GameServerSession0: Set game data to GameData[KitekatServer]
2026-09-21 19:02:54 Debug AuthServer::ClientSession0: Unknown packet ID: 9999, size: 8
2026-09-21 19:02:54 Debug AuthServer::ClientSession0: Unknown packet ID: 9999, size: 11
2026-09-21 19:02:56 Debug AuthServer::ClientSession0: Login request for account Admin
2026-09-21 19:02:56 Debug AuthServer::ClientSession0: Unknown packet ID: 9999, size: 11
2026-09-21 19:02:56 Debug AuthServer::DB_Account0: Client login using AES
2026-09-21 19:02:56 Debug DbConnectionPool0: Connecting to database
2026-09-21 19:02:56 Info  ODBC: SQLDriverConnect: additional info:
2026-09-21 19:02:56 Info  ODBC: 01000:1:5701:[Microsoft][ODBC SQL Server Driver][SQL Server]Changed database context to 'AuthKitekat'.
2026-09-21 19:02:56 Info  ODBC: 01000:2:5703:[Microsoft][ODBC SQL Server Driver][SQL Server]Changed language setting to us_english.
2026-09-21 19:02:56 Debug DbConnection1: Cached DB query: SELECT * FROM Account WITH(NOLOCK) WHERE account = ? AND password = ?;
2026-09-21 19:02:58 Debug DbConnectionPool0: Connecting to database
2026-09-21 19:02:58 Debug AuthServer::GameServerSession0: Client Admin now on gameserver
2026-09-21 19:02:58 Info  ODBC: SQLDriverConnect: additional info:
2026-09-21 19:02:58 Info  ODBC: 01000:1:5701:[Microsoft][ODBC SQL Server Driver][SQL Server]Changed database context to 'AuthKitekat'.
2026-09-21 19:02:58 Info  ODBC: 01000:2:5703:[Microsoft][ODBC SQL Server Driver][SQL Server]Changed language setting to us_english.
2026-09-21 19:02:58 Debug DbConnection2: Cached DB query: UPDATE account SET last_login_server_idx = ? WHERE account_id = ?;
